'T Lage van de weg
's Gravenmoer
's Gravenmoerse Vaart
's Heer-Hendrikskinderen
's-Graveland
's-Gravendeel
's-Gravenhage
's-Gravenhaag
's-Gravenmoer
's-Gravenmoerse Vaart
's-Gravenpolder
's-Gravenschans
's-Gravensloot
's-Gravenwaard
's-Gravenweg
's-Gravenzande
's-Heer-Abtskerke
's-Heer-Arendskerke
's-Heer-Hendrikskinderen
's-Heerenberg
's-Heerenbroek
's-Heerenhoek
's-Hertogenbosch
's-Molenaarsbuurt
't Broek
't Buurtje
't Eind
't Fort
't Goy
't Haagje
't Haantje
't Harde
't Hart
't Hoekje
't Hof
't Jagertje
't Kruis
't Laar
't Lage van de weg
't Loo
't Look
't Rammetje
't Rooth
't Schoot
't Schot
't Siep
't Veld
't Vlot
't Waal
't Waar
't Woudt
't Zand
't Zandt
Aa en Hunze
Aadorp
Aagtdorp
Aagtekerke
Aalbeek
Aalburg
Aalden
Aalderinkshoek
Aaldonk
Aalsmeer
Aalsmeerderbrug
Aalst
Aalsum
Aalten
Aalzum
Aam
Aan de Berg
Aan de Bergen
Aan de Maas
Aanschot
Aanwas
Aardam
Aardenburg
Aardhuis
Aardswoud
Aarlanderveen
Aarle
Aarle-Rixtel
Aartswoud
Aast
Aasterberg
Abbega
Abbegaesterketting
Abbekerk
Abbekinderen
Abbenbroek
Abbenes
Abbestede
Abcoude
Abcoven
Abdissenbosch
Absdale
Absdalepolder
Abtswoude
Achlum
Acht
Achter het Hof
Achter het Klooster
Achter-Lindt
Achter-Thesinge
Achterberg
Achterbos
Achterbosch
Achterbroek
Achterdiep
Achterdijk
Achterdrempt
Achtereind
Achterhoek
Achterom
Achterschaijk
Achtersloot
Achtersluispolder
Achterste Brug
Achterste Erm
Achterste Hees
Achterste Heide
Achterste Heikant
Achterstehoek
Achterveld
Achterwehl
Achterwetering
Achterwijzend
Achthoven
Achthuizen
Achtkarspelen
Achtmaal
Achttienhoven
Achttienhoven-Westbroek
Acquoy
Adorp
Aduard
Aduarderzijl
Aerdenhout
Aerdt
Aetveldsche Polder
Afferden
Agelo
Agobuurt
Aijen
Akersloot
Akinga
Akker
Akkereind
Akkerput
Akkerwoude
Akkrum
Akmarijp
Albergen
Alblasserdam
Albrandswaard
Aldeboarn
Aldemiede
Aldtsjerk
Alem
Alendorp
Alerdink
Alinghuizen
Alkemade
Alkmaar
Allersma
Allingawier
Almelo
Almen
Almenum
Almere
Almere-Buiten
Almere-Haven
Almere-Stad
Almkerk
Alphen
Alphen aan den Rijn
Alphen en Riel
Alphen-Boshoven
Alphen-Chaam
Alphen-Oosterwijk
Altena
Alteveer
Altforst
Alting
Alting-Klatering
Altweert
Altweerterheide
Alverna
Alvershool
Ambt Delden
Ambt Montfort
Amby
Ameide
Ameland
Amelte
Amen
America
Amerongen
Amersfoort
Amersfoortsestraat
Ammerstol
Ammerzoden
Ampsen
Amsteldijk
Amsteleind
Amstelhoek
Amstelveen
Amstenrade
Amsterdam
Amsterdam-Zuidoost
Amsterdamsche Veld
Amsweer
Andel
Andelst
Anderen
Andijk
Ane
Anerveen
Anevelde
Angelslo
Angeren
Angerlo
Anholt
Anjum
Ankeveen
Ankeveense Rade
Anklaar
Ankum
Anloo
Anna Jacobapolder
Anna Paulowna
Annadal
Anneburen
Annen
Annendaal
Annerveen
Annerveenschekanaal
Anninkshoek
Anreep
Ansen
Apeldoorn
Apenhuizen
Aperloo
Appel
Appelscha
Appeltern
Appen
Appingedam
Arcen
Arcen en Velden
Archem
Arendsnest
Arensgenhout
Arkel
Arkens
Arkum
Armhoede
Armweide
Arnemuiden
Arnhem
Arnoud
Arri%n
Arrien
Arrierveld
Arrirëveld
Arriën
Arriërveld
Arum
Arwerd
As
Asch
Asdonk
Asenray
Asperen
Asschat
Assel
Asselt
Assen
Assendelft
Assendorp
Assum
Assumburg
Asten
Atterlaken
Atzeburen
Augsbuurt
Augustinusga
Austerlitz
Auvergnepolder
Avenhorn
Avereest
Averlo
Avest
Avezaath
Axel
Axelsche Sassing
Axwijk
Azelo
Azewijn
Baaiduinen
Baaium
Baak
Baakhoven
Baaks
Baal
Baalder
Baalhoek
Baambrugge
Baambrugse Zuwe
Baamsum
Baan
Baard
Baarderadeel
Baarderburen
Baardwijk
Baarland
Baarle-Nassau
Baarle-Nassau-Grens
Baarlo
Baarn
Baars
Baarschot
Baarsdorp
Baarsdorpermeer
Baarstraat
Babberich
Baburen
Babylonienbroek
Babyloniënbroek
Badhoevedorp
Baexem
Baflo
Bahneheide
Bahr en Lathum
Baijum
Bakel
Bakel en Milheeze
Bakelsebrug
Bakelsedijk
Bakenberg
Bakendorp
Bakertand
Bakheide
Bakhuizen
Bakkersdam
Bakkeveen
Bakkum
Bakovensmee
Balgoij
Balinge
Balk
Balkbrug
Ballast
Balleman
Ballingbuur
Balloerveld
Balloo
Balloërveld
Ballum
Balmahuizen
Band
Bandijk
Bandsloot
Baneheide
Bangert
Banholt
Bankert
Bant
Bantega
Barchem
Barendrecht
Barendrechtse Veer
Bareveld
Bargebek
Bargen
Barger-Compascuum
Barger-Erfscheidenveen
Barger-Oosterveen
Barger-Oosterveld
Barkwerd
Barlage
Barlaque
Barlo
Barneveld
Barnflair
Barradeel
Barrier
Barsbeek
Barsingerhorn
Bartlehiem
Barwoutswaarder
Basse
Batadorp
Batenburg
Bath
Bathmen
Batooserf
Battenoord
Batterij
Bautsch
Bavel
Bazuin
Bears
Beckum
Bedaf
Bedijking
Bedum
Beegden
Beek
Beek en Donk
Beekbergen
Beekheuvel
Beekkant
Beekveld
Beemdkant
Beemster
Beemte
Beers
Beerschoten
Beersdal
Beerserhaar
Beersterhoogen
Beerta
Beerten
Beertsenhoven
Beerze
Beerzerveld
Beesd
Beesel
Beetgum
Beetgumermolen
Beets
Beetsterzwaag
Beilen
Beimerwaard
Beinsdorp
Beinum
Beisterveld
Beitel
Bekelaar
Bekenes
Bekveld
Belcrum
Belfeld
Belgeren
Bellingeweer
Bellingwedde
Bellingwolde
Bellinkhof
Belsberg
Beltrum
Belvert
Bemelen
Bemmel
Bemmer
Benderse
Beneden-Delwijnen
Beneden-Haastrecht
Beneden-Leeuwen
Beneden-Veensloot
Benedenberg en Zuidbroek
Benedeneind
Benedenheul
Benedenkerk
Benedenstad
Benedenvaart
Benkoelen
Bennebroek
Bennekom
Benneveld
Benningbroek
Benschop
Bent
Bentelo
Benthem
Benthuizen
Bentveld
Benzenrade
Berfloes
Berg
Berg en Bos
Berg en Dal
Berg en Terblijt
Bergakker
Bergambacht
Bergeijk
Bergen
Bergen aan Zee
Bergen op Zoom
Bergen-Binnen
Bergenhuizen
Bergenshuizen
Bergentheim
Bergerden
Bergermeerpolder
Bergeyk
Bergh
Bergharen
Berghem
Berghoven
Berghuizen
Bergkwartier
Bergsche Heide
Bergschenhoek
Bergstoep
Berik
Beringe
Beringerhoek
Berk
Berkdijk
Berkel
Berkel en Rodenrijs
Berkel-Enschot
Berkelaar
Berkelland
Berkenrode
Berkenwoude
Berkhoek
Berkhout
Berkmeer
Berkt
Berkum
Berkum-Veldhoek
Berlicum
Berlikum
Berm
Bern
Berndijk
Bernheze
Bernisse
Besoijen
Besselaar
Bessens
Best
Besthmen
Beswerd
Beterwonen
Bethlehem
Betterwird
Beugen
Beugt
Beukbergen
Beukelaar
Beukers
Beuningen
Beuseberg
Beusichem
Beutenaken
Bevermeer
Beverwijk
Biddinghuizen
Bierum
Biervliet
Biesstraat
Biessum
Biest
Biesthoek
Biezelinge
Biezen
Biezenmortel
Biggekerke
Bij Bernsterburen
Bij de Poel
Bijdorp
Bijland
Bijlmermeer
Bijsteren
Bijsterhuizen
Bilderdam
Billinghuizen
Bilt
Bilthoven
Binderven
Bingelrade
Bingerden
Binnen-Moerdijk
Binnengeest
Binnenheurne
Binnenmaas
Binnenvree
Binnenwijzend
Birdaard
Birkhoven
Birstum
Bisschopswetering
Bisselt
Bissen
Bitswijk
Bittens
Blaak
Blaaksedijk
Blaarthem
Bladel
Bladel en Netersel
Blanken
Blankenberg
Blankenham
Blaricum
Blauw
Blauwe Hand
Blauwe Sluis
Blauwenhoek
Blauwesluis
Blauwestad
Blauwewijk
Blauwhuis
Blauwkapel
Blauwverlaat
Blazekop
Bleijenbeek
Bleijerheide
Bleiswijk
Blekslage
Blerick
Blesdijke
Blesdijkerveld
Bleskensgraaf
Blessum
Blija
Blijdenstein
Blije
Blijham
Blikhalm
Blikkenburg
Blitterswijck
Bloemberg
Bloemendaal
Bloemendalerpolder
Blokhuiswetering
Blokhuizen
Blokker
Blokland
Blokum
Blokzijl
Boarnsterhim
Boazum
Bobeldijk
Bocholtz
Bocholtzerheide
Boddenkamp
Bodegraven
Boeiink
Boeimeer
Boekel
Boekelo
Boekelte
Boekend
Boeket
Boekhorst
Boelenslaan
Boer
Boerakker
Boerdonk
Boerelaan
Boerengat
Boerenhol
Boerenstreek
Boerhaar
Boeschoten
Boesingheliede
Boetele
Boijl
Boijlerveld
Bokhoven
Bokkum
Boksheide
Boksum
Bokt
Bolberg
Bolenberg
Bolgarijen
Bolhaar
Bolkshoek
Bollebieste
Bollendorp
Bollingawier
Bolnes
Bolshuizen
Bolst
Bolsward
Bommerig
Bong
Bongier
Bonifaciusbuurt
Bonnen
Bonnerveen
Bonrepas
Bontebak
Bontebok
Bontemorgen
Boom
Boome
Boomen
Boompjes
Boompjesdijk
Booneschans
Boord
Boornbergum
Boornzwaag
Borculo
Borg
Borgele
Borger
Borger-Odoorn
Borgercompagnie
Borgerveld
Borgharen
Borgsweer
Borgweg
Borkel
Borkeld
Born
Borne
Bornerbroek
Bornwird
Borsbeek
Borsele
Borssele
Borteldonk
Bosch
Bosch en Duin
Boscheind
Boschheurne
Boschhoek
Boschhoven
Boschkant
Boschkens
Boschoord
Boschpoort
Boschweg
Boshoven
Boshoverbeek
Boskamp
Boskant
Boskoop
Bossche Broek
Bosschenhoofd
Bosschenhuizen
Bosscherheide
Bosscherveld
Bosserstraat
Boswinkel
Boteburen
Boterdijk
Boterhoek
Boterveen
Boterwijk
Bothof
Botlek
Botshol
Botshoofd
Bouchauterhaven
Boudewijnskerke
Boukoul
Bourtange
Bouwberg
Bouwerschap
Boven-Haastrecht
Boven-Hardinxveld
Boven-Leeuwen
Boven-Veensloot
Bovenberg
Bovenburen
Boveneind Spijk
Bovenhuizen
Bovenkarspel
Bovenkerk
Bovenrijge
Bovensluis
Bovensmilde
Bovenstad
Bovenste Huis
Bovenstreek
Bovenveen
Boxmeer
Boxtel
Bozum
Braakhoek
Braakhuizen
Braakman
Braamberg
Braambosch
Braamt
Brabander
Brachterbeek
Brake
Brakel
Brakkenstein
Brammelo
Brand
Brandeburen
Brandemolen
Brandevoort
Brandt
Brandwijk
Brantgum
Breda
Bredelaar
Brederwiede
Bredevoort
Bredius
Breede
Breedenbroek
Breedeveen
Breedschot
Breehees
Breemortel
Breesaap
Breeveld
Breezand
Breezanddijk
Breggenbergen
Bregtdorp
Breklenkamp
Brem
Bremberg
Brembosch
Breskens
Breudijk
Breugel
Breukelen
Breukeleveen
Breust
Brielle
Brigdamme
Brijdorpe
Briltil
Brink
Brinkheurne
Brinkhoek
Brinkmanshoek
Britsum
Britswerd
Britswert
Broedergemeente
Broek
Broek in Waterland
Broek op Langedijk
Broekdijk
Broeke
Broekeind
Broekenseind
Broekerhaven
Broekesluis
Broekhem
Broekheurne
Broekhin
Broekhoek
Broekhorn
Broekhoven
Broekhuizen
Broekhuizenvorst
Broekkant
Broekland
Broeksittard
Broeksterwoude
Broekvelden
Broekzijde
Brommelen
Bronbeek
Bronckhorst
Bronkhorst
Bronneger
Bronnegerveen
Bronsbergen
Bronsveen
Brouwershaven
Brouwershoek
Brouwhuis
Bruchem
Brucht
Bruchterveld
Brug
Bruggen
Bruggenhoek
Bruggenmors
Bruggerhuizen
Bruindijk
Bruinehaar
Bruinisse
Bruisterbosch
Brukske
Brumhold
Brummen
Brunnepe
Brunssum
Brunsting
Bruntinge
Bruuk
Buchten
Budel
Budschop
Buggenum
Buiksloot
Buikstede
Buinen
Buinerveen
Buiten-Wittevrouwen
Buitenhuizen
Buitenkaag
Buitenkerk
Buitenpost
Buitenstoof
Buitenstverlaat
Buitenveldert
Buitenwoel
Buitenzorg
Bulkem
Bulkemsbroek
Bulkenaar
Bullenkamp
Bult
Bunde
Bungalowpark
Bunkerke
Bunne
Bunnik
Bunschoten
Burdaard
Buren
Burgemeester-Beinsdorp
Burgerbrug
Burgersdijk
Burgerveen
Burgervlotbrug
Burgh
Burghorn
Burghsluis
Burgum
Burgumerdam
Burgwerd
Burum
Bus
Busch
Busselte
Bussereind
Bussloo
Bussum
Buttinga
Buttinge
Buunderkamp
Buurlo
Buurmalsen
Buurse
Buurtschap Rutbeek
Buurtsdijk
Cabauw
Caberg
Cadier en Keer
Cadzand
Cadzand-Bad
Calfven
Californie
Californië
Calishoek
Callantsoog
Camerig
Camp
Camperduin
Capelle
Capelle a/d IJssel
Capelle aan den IJssel
Capelle aan den Ijssel
Carnisse
Cartils
Castelre
Castelré
Castenray
Casteren
Castert
Castricum
Catrijp
Catsop
Cattenbroek
Caumer
Cellemuiden
Ceres
Ceresdorp
Chaam
Chevremont
Cillaarshoek
Clinge
Cobbeek
Coelhorst
Coevering
Coevorden
Coldenhove
Colijnsplaat
Collendoorn
Colmont
Colmschate
Commandeurs
Commissiepolle
Corle
Corneliahoeven
Cornjum
Cornwerd
Cortenoever
Corversbos
Cothen
Cottessen
Coudewater
Couwelaar
Covik
Craailo
Crabbehof
Cranendonck
Crapoel
Craubeek
Creil
Creutzberg
Crevecoeur
Crob
Cromhoffsbleek
Cromstrijen
Cromvoirt
Croy
Cruquius
CrÞvecoeur
Crèvecoeur
Cuijk
Culemborg
Daarle
Daarlerveen
Daarlerveld
Daelenbroek
Dal
Dale
Dalem
Dalen
Dalerpeel
Dalerveen
Dalfsen
Dalfserveld
Dallingeweer
Dalmsholte
Dam
Dambord
Damwoude
Daniken
Dannenberg
Dantumadeel
Dantumadiel
Dantumawoude
Darp
Darthuizen
Dassemus
De Aa
De Baan
De Banken
De Beek
De Beekkant
De Beemden
De Bels
De Belt
De Bennekel
De Berg
De Bik
De Bilt
De Birkt
De Blaak
De Blesse
De Blijnse
De Bocht
De Boer
De Bolt
De Brakel
De Brand
De Bruil
De Buis
De Bult
De Bunt
De Burgh
De Bus
De Buurt
De Cocksdorp
De Dellen
De Donk
De Dood
De Doornakkers
De Driesprong
De Droo
De Duizeldonk
De Eendracht
De Egge
De Eng
De Engel
De Folgeren
De Gaasten
De Gagel
De Gest
De Ginkel
De Glind
De Glip
De Goorn
De Groeve
De Haal
De Haar
De Ham
De Haspel
De Haukes
De Heek
De Heen
De Hees
De Heide
De Hellen
De Heul
De Heurne
De Heuvel
De Heuven
De Hilte
De Hoef
De Hoek
De Hoeve
De Hoeven
De Holm
De Hoogte
De Horn
De Horst
De Hout
De Houw
De Huizen
De Hulk
De Hurk
De Hut
De Jouwer
De Kampen
De Kemp
De Kie
De Kiel
De Klei
De Klem
De Klomp
De Klosse
De Knijp
De Knipe
De Koog
De Koolhof
De Kooy
De Kop
De Kraan
De Kraats
De Krim
De Kroeven
De Kroost
De Krosselt
De Kwakel
De Laan
De Laar
De Langedijk
De Langstraat
De Laren
De Lethe
De Leye
De Leyen
De Lier
De Lobben
De Locht
De Logt
De Loofaert
De Lutte
De Lytse Geast
De Marne
De Mars
De Meele
De Meene
De Meente
De Meern
De Moer
De Moeren
De Naald
De Nes
De Noord
De Paauw
De Paauwen
De Pan
De Peelstraat
De Plaats
De Plas
De Poffert
De Pol
De Pollen
De Punt
De Reit
De Riet
De Rietschoof
De Rijlst
De Rijndijk
De Rijp
De Roemer
De Ronde Venen
De Rotte
De Schans
De Spronk
De Steeg
De Streek
De Tike
De Valom
De Vecht
De Veenhoop
De Vliert
De Voordes
De Voort
De Voorweg
De Vorst
De Waal
De Wacht
De Waranda
De Weed
De Weel
De Weerd
De Weere
De Weerwolf
De Weide
De Werven
De Westerhoeve
De Wijk
De Wijngaard
De Wilgen
De Wilp
De Winkel
De Woerd
De Wolden
De Wonde
De Woude en De Stierop
De Zande
De Zilk
De Zoeke
De-Schutsloot Belt
Dearsum
Dedemsvaart
Dedgum
Deelen
Deelshurk
Deense Hoek
Deest
Deil
Deinum
Dekkershuizen
Dekkerwald
Delden
Deldenerbroek
Deldeneresch
Delfgauw
Delfshaven
Delfstrahuizen
Delft
Delfzijl
Delwijnen
Dem
Demen
Demmerik
Den Andel
Den Bommel
Den Bosch
Den Broek
Den Burg
Den Deijl
Den Dolder
Den Dungen
Den Elzent
Den Eng
Den Haag
Den Ham
Den Helder
Den Hoek
Den Hool
Den Hoorn
Den Horn
Den Hout
Den Hulst
Den Ilp
Den Nul
Den Oever
Den Oord
Den Treek
Den Velde
Denekamp
Denemarken
Dennenburg
Derp
Deurne
Deurningen
Deursen
Deurze
Deuteren
Deventer
Dichteren
Didam
Dieden
Diefdijk
Diekendaal
Diemen
Diemerbroek
Diemerbrug
Diepekuilen
Diepenbroek
Diependaal
Diepenheim
Diepenveen
Dieperskant
Diepswal
Dierdonk
Dieren
Diergaarde
Diermen
Diesdonk
Dieskant
Diessen
Dieteren
Diever
Dieverbrug
Dieze
Diezerpoort
Diffelen
Dijk
Dijken
Dijkerhoek
Dijkhuisjes
Dijkhuizen
Dijkmanshuizen
Dijkshorn
Dijksterburen
Dijnselburg
Dikbroeken
Dilcht
Dingen
Dingstede
Dinkelland
Dinteloord
Dinteloord en Prinsenland
Dintelsas
Dinther
Dinthersehoek
Dinxperlo
Dinxterveen
Diphoorn
Dirkshorn
Dirksland
Distelberg
Diunt
Dodewaard
Doenrade
Doesburg
Doeskwartier
Doetinchem
Doeveren
Doezum
Doijum
Dokkum
Dolberg
Doldersum
Dombosch
Domburg
Dommelen
Dommelsvoort
Dompt
Domwier
Donderen
Dongen
Dongensevaart
Dongeradeel
Dongjum
Doniaburen
Doniaga
Doniawerstal
Doniawier
Donk
Donkerbroek
Donkereind
Donkersvoort
Donkervliet
Donzel
Doodenhoek
Doodstil
Doonheide
Doorn
Doornenburg
Doornhoek
Doornik
Doorning
Doornspijk
Doorwerth
Doosje
Dordrecht
Dorkwerd
Dorp
Dorplein
Dorregeest
Dorshout
Dorst
Dortherhoek
Douvergenhout
Douwen
Draai
Draaibrug
Draaierij
Drachten
Drachtstercompagnie
Drechterland
Dreischor
Drempt
Drentsdorp
Dreumel
Drie
Drie Hoefijzers
Driebergen
Driebergen-Rijsenburg
Drieborg
Driebruggen
Driedorp
Driehoek
Driehuis
Driehuizen
Driel
Driemond
Driene
Dries
Drieschouwen
Driesprong
Driessen
Driesum
Driewegen
Drijber
Drijberscheveld
Drimmelen
Drogeham
Drogt
Drogteropslagen
Drongelen
Dronrijp
Dronten
Drooghe Weert
Drostinnewijk
Drouwen
Drouwenermond
Drouwenerveen
Druisdijk
Drumpt
Drunen
Druten
Dubbeldam
Dubbroek
Duifhuis
Duiksehoef
Duin en Bosch
Duinen
Duiveland
Duiven
Duivendijke
Duivendrecht
Duizel
Dukenburg
Dulder
Dun
Dunsborg
Durgerdam
Dusseldorp
Dussen
Duur
Duurendseind
Duurkenakker
Duurswoude
Duyn en Dael
Dwarsdiep
Dwarsdijk
Dwarsgracht
Dwingeloo
Eagum
Earnewâld
Easterein
Easterlittens
Eastermar
Easterwierrum
Easterwierum
Ebbenbroek
Echt
Echt-Susteren
Echteld
Echten
Echtenerbrug
Echterbosch
Eck en Wiel
Eckart
Eckelrade
Edam
Edam-Volendam
Ede
Edens
Ederveen
Ee
Eede
Eefde
Eefsele
Eekt
Eekwerd
Eekwerderdraai
Eelde
Eelderwolde
Eelen
Eembrugge
Eemdijk
Eemland
Eemnes
Eemshaven
Eemsmond
Eemster
Eemswoude
Eemten
Een
Een West
Eendrachtspolder
Eendragt
Eeneind
Eenigenburg
Eenrum
Eenum
Eerbeek
Eerde
Eerschot
Eersel
Eerste Exloermond
Eerste Exloërmond
Eerste Valthermond
Ees
Eese
Eesergroen
Eeserveen
Eesterga
Eesveen
Eethen
Eext
Eexta
Eexterveen
Eexterveensche kanaal
Eexterzandvoort
Effen
Egbertsgaasten
Egchel
Egchelheide
Egchelhoek
Egede
Egelshoek
Egmond
Egmond Binnen
Egmond aan Den Hoef
Egmond aan Zee
Egmond aan den Hoef
Egmond-Binnen
Egypte
Eibergen
Eibersburen
Eijgelshoven
Eijndt
Eijsden
Eikberg
Eikelenbosch
Eikenheuvel
Eikske
Eiland
Eilandspolder
Eimeren
Eind
Eind van den Hout
Einde
Eindewege
Eindhoven
Eindje
Einighausen
Eiteren
Ekamp
Ekehaar
Ekenrooi
Ekkersrijt
Ekris
Elahuizen
Elba
Elburg
Elde
Elden
Eldersloo
Eldik
Eldrik
Elens
Eleveld
Elferink
Elft
Elim
Elkenrade
Elkerzee
Ell
Ellecom
Ellemeet
Ellerhei
Ellerhuizen
Ellersinghuizen
Ellertshaar
Ellewoutsdijk
Elp
Elsen
Elsendorp
Elsenerbroek
Elshof
Elshout
Elsloo
Elspeet
Elst
Elsteren
Elzen
Elzenpas
Elzet
Emelang
Emmaberg
Emmadorp
Emmeloord
Emmen
Emmer
Emmer-Compascuum
Emmer-Erfscheidenveen
Emmermeer
Emmerschans
Emminkhuizen
Empe
Empel
Emst
Eng
Eng en Kortenburgse Bosse
Eng en Kortenburgse Bossen
Engeland
Engelbert
Engelen
Engelum
Englum
Engwerd
Engwier
Engwierum
Enkhuizen
Ens
Enschede
Enschot
Enspijk
Enter
Enterbroek
Enumatil
Enzelens
Epe
Epen
Eperheide
Eppenhuizen
Eppenzolder
Epse
Erica
Erichem
Erlecom
Erlecom en Ooij
Erm
Ermelo
Erp
Esbeek
Esch
Escharen
Eschoten
Esdonk
Esp
Espel
Espelo
Esperheide
Essebroek
Essen
Est
Esveld
Etenaken
Etersheim
Etsberg
Etten
Etten-Leur
Etzenrade
Europoort
Eursing
Eursinge
Euvelgunne
Euvelwegen
Euverem
Everdingen
Everinge
Everland
Everlo
Eversdijk
Everse
Evertsoord
Everwenninkhoek
Ewer
Ewijk
Ewinkel
Exel
Exel-Tol
Exloerboerkijl
Exloerkijl
Exloermond
Exloerveen
Exloo
Exloëboerkijl
Exloërboerkijl
Exloërkijl
Exloërmond
Exloërveen
Exmorra
Exmorrazijl
Eygelshoven
Eys
Eyserheide
Ezinge
Ezumazijl
Faan
Farmsum
Feanwâldsterwâl
Feerweerd
Feerwerd
Felland
Ferwerd
Ferwerderadeel
Ferwerderadiel
Ferwert
Ferwoude
Fiemel
Fijnaart
Fijnaart en Heijningen
Finkeburen
Finkum
Finsterwolde
Finsterwolderhamrik
Firdgum
Fivelzigt
Flansum
Fledderbosscherpolder
Fleringen
Flieren
Fluitenberg
Fochteloo
Fokkershoek
Follega
Folsgare
Fonden
Formerhoek
Formerum
Fort
Fort Ferdinandus
Fortmond
Foudgum
Foxel
Foxham
Foxhol
Foxholsterbosch
Foxwolde
Fraamklap
Franeker
Franekeradeel
Frankhuis
Frankrijk
Franse Hoef
Fransum
Frederiksoord
Friens
Frieschepalen
Frieswijk
Friezenwijk
Frik
Fromberg
Froombosch
Gaag
Gaal
Gaanderen
Gaarkeuken
Gaarland
Gaaserdam
Gaasp
Gaasperdam
Gaast
Gaasterlan-Sleat
Gaasterlân-Sleat
Gaastmeer
Gaddijk
Gaete
Gageldonk
Galamadammen
Galberg
Galder
Gameren
Gammelke
Ganzedijk
Ganzert
Ganzert en Veerhuis
Gapinge
Garderbroek
Garderen
Garmerwolde
Garminge
Garnwerd
Garrelsweer
Garreweer
Garsthuizen
Garvelinkhoek
Garyp
Gassel
Gasselte
Gasselterboerveen
Gasselterboerveenschemond
Gasselternijveen
Gasselternijveenschemond
Gastel
Gastelsveer
Gasteren
Gasthuis
Gaternisse
Gauw
Gawege
Gebergte
Gebroek
Geefsweer
Geelbroek
Geenhoven
Geer
Geerdijk
Geersbroek
Geersdijk
Geertruidenberg
Geervliet
Gees
Geesbrug
Geestdorp
Geesteren
Geeuwenbrug
Geffen
Gein
Geitenkamp
Geitenwaard
Gelderingen
Geldermalsen
Gelders-Veenendaal
Gelderse Buurt
Gelderse Dijk
Gelderswoude
Geldrop
Geldrop-Mierlo
Geleen
Gelkenes
Gellicum
Geloo
Gelselaar
Gement
Gemert
Gemert-Bakel
Gemonde
Gemullehoeken
Genderen
Gendringen
Gendt
Genemuiden
Genenberg
Geneneind
Gening
Genne
Gennep
Genoenhuis
Genooi
Genooierbergen
Genum
Gerendal
Gerheggen
Gerkesklooster
Gerner
Gerns
Gersloot
Gerven
Gerverscop
Gerwen
Gerwen en Nederwetten Nuenen
Gestel
Getfert
Geulhem
Geulle
Geverik
Gewande
Geysteren
Gieltjesdorp
Giersbergen
Giesbeek
Giessen
Giessen-Oudekerk
Giessenburg
Giessendam
Giessenlanden
Gietelo
Gieten
Gieterveen
Giethmen
Giethoorn
Giethoorn-Noord
Giethoorn-Zuid
Gijbeland
Gijzel
Gijzenrooi
Gilden
Gilze
Gilze en Rijen
Ginderdoor
Ginderover
Ginneken
Ginnum
Glane
Glanerbrug
Glanerveld
Glimmen
Glindhorst
Gnephoek
Godlinze
Goedereede
Goenga
Goengahuizen
Goes
Goffert
Goidschalxoord
Goilberdingen
Goingarijp
Goirle
Goldhoorn
Gooi
Gooium
Goor
Gorinchem
Gorp
Gorredijk
Gorssel
Gortel
Gouda
Gouderak
Goudriaan
Goudseweg
Goudswaard
Goutum
Gouwe
Goënga
Goëngahuizen
Graaf
Graafland
Graafstroom
Graauw
Graauw en Langendam
Gracht
Graetheide
Grafhorst
Graft
Graft-De Rijp
Graftdijk
Gramsbergen
Grashoek
Graspeel
Grathem
Grauwe Kat
Grauwe Polder
Grave
Gravekoop
Grazen
Grebbe
Greffeling
Greffelkamp
Greidhoek
Greonterp
Greup
Grevenbicht
Griendtsveen
Grientsveen
Griete
Grieth
Griffenstein
Grijpskerk
Grijpskerke
Grijssloot
Grijzegrubben
Grobbendonck
Groede
Groenekan
Groeneweg
Groenewoud
Groeningen
Groenlanden
Groenlo
Groenstraat
Groenveld
Groes
Groesbeek
Groeskuilen
Groessen
Groet
Groeze
Grolloo
Groningen
Gronsveld
Groot Dochteren
Groot Loo
Groot- en Klein-Welsden
Groot-Abeele
Groot-Ammers
Groot-Doenrade
Groot-Wetsinge
Groote Aard
Groote Haar
Groote Hoeven
Groote Horst
Groote Keeten
Groote Lindt
Groote Peel
Groote Polder
Grootebroek
Grootegast
Grootgenhout
Grootschermer
Grosthuizen
Grote Koolwijk
Grote Veld
Grote Zilk
Grote en Kleine Heide
Grou
Grubbenvorst
Gulpen
Gulpen-Wittem
Gun
Guttecoven
Gytsjerk
H"fke
Haaften
Haagje
Haagoord
Haagse-Beemden
Haaksbergen
Haakswold
Haalderen
Haaldersbroek
Haamstede
Haanrade
Haansberg
Haanwijk
Haar
Haaren
Haarle
Haarlem
Haarlemmerliede
Haarlemmerliede en Spaarnwoude
Haarlemmerliede-Penningsv
Haarlemmerliede-Penningsv.
Haarlemmerliede-Spaarnwoude
Haarlemmermeer
Haarlo
Haarsteeg
Haart
Haarzuilens
Haasdal
Haastrecht
Haelen
Haelensche Broek
Haerst
Hagenkamp
Hagestein
Haghorst
Haiink
Hal
Halder
Halderberge
Haler
Halerbrug
Halfweg
Hall
Halle
Hallum
Hallumer Hoek
Halsteren
Halte
Halvinkhuizen
Ham
Hamdijk
Hamersveld
Hamingen
Hamshorn
Handel
Haneburen
Hanetange
Hank
Hankate
Hanssum
Hansweert
Hantum
Hantumeruitburen
Hantumhuizen
Hanzewijk
Hapert
Haps
Harbrinkhoek
Harculo
Hardenberg
Harderwijk
Hardeweer
Hardinxveld-Giessendam
Hare
Haren
Harenermolen
Harenkarspel
Harfsen
Hargen
Harich
Haringhuizen
Harkema
Harkstede
Harles
Harlingen
Harmelen
Harmelerwaard
Harpel
Harreveld
Harskamp
Harssens
Hartwerd
Haskerdijken
Haskerhorne
Haskerland
Hasselt
Hasselterdijk
Hatenboer
Hatert
Hatertse Heide
Hattem
Hattemerbroek
Haule
Haulerwijk
Hauwert
Havelt
Havelte
Havelterberg
Havenbuurt
Havikkerwaard
Hayum
Hazelaar
Hazelberg
Hazeldonk
Hazenkamp
Hazerswoude
Hazerswoude Dorp
Hazerswoude Rijndijk
Hedel
Hedikhuizen
Hee
Heeg
Heel
Heelsum
Heelweg
Heemse
Heemserveen
Heemskerk
Heemskerkerduin
Heemstede
Heensche Molen
Heensche Polders
Heenvliet
Heer
Heerde
Heereburen
Heerenveen
Heerewaarden
Heerhugowaard
Heerjansdam
Heerle
Heerlen
Heerlerbaan
Heerlerheide
Heers
Heerstraat
Hees
Heesakker
Heesbeen
Heesch
Heeseind
Heesselt
Heeswijk
Heeswijk Dinther
Heeten
Heetveld
Heeze
Heeze-Leende
Heezerenbosch
Hefswal
Hegebeintum
Hegelsom
Hegge
Hei
Hei- en Boeicop
Hei-en Boeicop
Heiakker
Heibloem
Heide
Heidenhoek
Heiereind
Heierhoeve
Heihoek
Heijen
Heijendaal
Heijenoord
Heijenrade
Heijenrath
Heijningen
Heijplaat
Heikant
Heikantse Hoeve
Heike
Heilaren
Heilig Landstichting
Heiligeboom
Heiligerlee
Heille
Heiloo
Heilust
Heimolen
Heinenoord
Heinist
Heinkenszand
Heino
Heisterbrug
Heistraat
Heitrak
Hekelingen
Hekendorp
Hekkens
Heksenberg
Helden
Heldensedijk
Helenaveen
Helhoek
Helkant
Hell
Helle
Hellebroek
Hellendoorn
Hellevoetsluis
Helling
Hellouw
Hellum
Helmond
Helsdingen
Helvoirt
Helwerd
Helwijk
Helzenhoek
Hem
Hembrug
Hemelum
Hemert
Hemmemabuurt
Hemmen
Hempens
Hemrik
Hendrik-Ido-Ambacht
Hengeland
Hengelo
Hengelose-Es
Hengevelde
Hengforden
Hengstdijk
Hengstheuvel
Hennaard
Hennaarderadeel
Hensbroek
Henxel
Herbaijum
Herfte
Herike
Herkenbosch
Herkenrade
Herkingen
Hermalen
Hernen
Herongerberg
Herpen
Herpt
Hersel
Hert
Herten
Hertme
Herveld
Herwen
Herwijnen
Herxen
Hesens
Heseveld
Hesselingen
Hessum
Het Beggelder
Het Beijersche
Het Bosch
Het Broek
Het Burger-Nieuwland
Het Dorp
Het Eenerveld
Het Eiland
Het Gein
Het Goirke
Het Goor
Het Ham
Het Kalf
Het Kantje
Het Koegras
Het Kotman
Het Laar
Het Loo
Het Moer
Het Nieuweschild
Het Reidland
Het Schier
Het Veen
Het Ven
Het Weidedorp
Het Westeinde
Het Wild
Het Woud
Het Zand
Heteren
Heugde
Heugem
Heugemerveld
Heukelom
Heukelum
Heul
Heumen
Heuneind
Heure
Heurne
Heusden
Heusdenhout
Heuvel
Heuvelberg
Heuvels
Heuvelstraat
Heveadorp
Heveringen
Heveskes
Heythuysen
Hezelaar
Hezingen
Hiaure
Hichtum
Hidaard
Hien
Hierden
Hieslum
Hijken
Hijkersmilde
Hijlaard
Hijum
Hil
Hilaard
Hilakker
Hillegersberg
Hillegom
Hilleshagen
Hilvarenbeek
Hilversum
Hilversumse Meent
Hindeloopen
Hinderdam
Hingen
Hinnaard
Hintham
Hippolytushoef
Hitland
Hitsberg
Hitzum
Hobbelrade
Hobrede
Hodenpijl
Hoedekenskerke
Hoef
Hoek
Hoek van Holland
Hoekske
Hoeksmeer
Hoenderbos
Hoenderloo
Hoenkoop
Hoensbroek
Hoenwaard
Hoenzadriel
Hoetmansmeer
Hoeve
Hoevelaken
Hoeven
Hoeveneind
Hoeves
Hof
Hof van Twente
Hofgeest
Hofke
Hofwegen
Hoge Dennen
Hoge Giessen
Hoge Mors
Hoge Rijndijk
Hoge Zijde
Hogebeintum
Hogebieren
Hogebrug
Hogeland
Hogendijk
Hogenkamp
Hogeweg
Holendrecht
Holevoet
Holijsloot
Holk
Holkerveen
Hollandsche Rading
Hollandsche Veld
Hollandscheveld
Hollum
Holset
Holsloot
Holst
Holte
Holten
Holterhoek
Holthe
Holthees
Holtheme
Holthone
Holthuizen
Holtinge
Holtum
Holwerd
Holwierde
Holwinde
Holz
Hommert
Hommerts
Homoet
Hondsdijk
Honesch
Hongerige Wolf
Honselersdijk
Hontenisse
Honthem
Hoofddorp
Hoofdplaat
Hoog Soeren
Hoog-Buurlo
Hoog-Caestert
Hoog-Keppel
Hoog-Soeren
Hoog-Zuthem
Hoogblokland
Hoogbroek
Hoogcasteren
Hoogcruts
Hoogduurswolde
Hooge Berkt
Hooge Enk
Hooge Hexel
Hooge Mierde
Hooge Zandschel
Hooge Zwaluwe
Hooge en Lage Mierde
Hooge en Lage Zwaluwe
Hooge-Vaart
Hoogebiezen
Hoogedijk
Hoogeind
Hoogeloon
Hoogemeeden
Hoogen-Aarle
Hoogendijk
Hoogengraven
Hoogenweg
Hoogerheide
Hoogerot
Hoogersmilde
Hoogeveen
Hoogewaard
Hoogeweg
Hoogezand
Hoogezand-Sappemeer
Hooghalen
Hoogkamp
Hoogkarspel
Hoogkerk
Hoogland
Hooglanderveen
Hoogmade
Hoogmeren
Hoograven
Hoogstraat
Hoogvliet
Hoogwatum
Hoogwoud
Hooilandseweg
Hooipolder
Hoonhorst
Hoonte
Hoorn
Hoornaar
Hoorndervenen
Hoorneboeg
Hoornsedijk
Hoornsterzwaag
Hoorzik
Hopel
Hoptille
Horick
Horickheide
Horn
Hornhuizen
Horssen
Horst
Horst aan de Maas
Horsten
Horsthoek
Horszak
Horzik
Houberg
Hout
Hout en Oijen
Hout-Blerick
Houtakker
Houtdijken
Houtdorp
Houten
Houtens
Houtgoor
Houthem
Houthuizen
Houtigehage
Houtrakpolder
Houwerzijl
Hoven
Hugten
Huij
Huijbergen
Huinen
Huins
Huis ter Heide
Huisduinen
Huisseling
Huissen
Huizen
Huizinge
Huizum
Hulhuizen
Huls
Hulsberg
Hulsdonk
Hulsel
Hulsen
Hulshorst
Hulst
Hulstheuvel
Hulten
Hultje
Humcoven
Hummelo
Hummelo en Keppel
Hunnecum
Hunsel
Huppel
Hupsel
Hurdegaryp
Hurkske
Hurpesch
Hurwenen
Hushoven
Husken
Hussenberg
Huygevoort
H·ns
Höfke
Húns
IJhorst
IJlst
IJmuiden
IJpecolsga
IJpelaarseind
IJpelo
IJsbrechtum
IJsselham
IJsselmonde
IJsselmuiden
IJsselstein
IJzendijke
IJzendoorn
IJzeren
IJzerenbrug
IJzerlo
IJzevoorde
Idaarderadeel
Idaerd
Idsegahuizum
Idserdaburen
Idskenhuizen
Idzega
Iens
Illikhoven
Ilpendam
Ilpenstein
Imbosch
Imstenrade
In de Bullewijk
In de Gaas
In het Achterveld
In het Veen
Indijk
Indoornik
Ingber
Ingen
It Heidenskip
Itens
Itteren
Ittersum
Ittervoort
Jaarsveld
Jabeek
Jacobswoude
Jagerswijk
Jankenberg
Jannum
Janum
Jarringa
Jekerdal
Jellum
Jelsum
Jet
Jipsingboermussel
Jipsingboertange
Jipsinghuizen
Jirnsum
Jislum
Jisp
Jistrum
Jonen
Jonkerland
Jonkershuizen
Jonkersvaart
Joppe
Jorwerd
Jorwert
Joure
Jousterp
Jouswerd
Jouswier
Jubbega
Jubbega-Schurega
Jukwerd
Julianadorp
Junne
Jutphaas
Jutrijp
K-baard
Kaag
Kaag en Braassem
Kaagdorp
Kaakhorn
Kaalheide
Kaarschot
Kaart
Kaathoven
Kaatsheuvel
Kabel
Kade
Kadijk
Kadoelen
Kakert
Kalenberg
Kalisbuurt
Kalkwijk
Kallenbroek
Kallenkote
Kalsdonk
Kalslagen
Kalteren
Kalverdijk
Kameren
Kamerik
Kamp
Kamp 'De Vossenbosch'
Kampen
Kampereiland
Kamperland
Kamperpoort
Kampershoek
Kamperveen
Kamperzeedijk
Kanis
Kantens
Kapel
Kapel-Avezaath
Kapelle
Kapellebrug
Kapelpolder
Kasen
Kasteren
Katendrecht
Katerbosch
Katham
Kathoek
Katlijk
Kats
Katsberg
Katspolder
Kattenbosch
Kattendijke
Katwijk
Katwijk a/d Rijn
Katwijk aan Zee
Katwijk aan den  Rijn
Katwijk aan den Rijn
Katwolde
Katwoude
Kavelingen
Kedichem
Keent
Keersop
Keijenborg
Keinsmerbrug
Keizerbosch
Keizersdijk
Keizersveer
Kekerdom
Keldonk
Kelmond
Kelpen
Kempkens
Kenwerd
Kerckebosch
Kerensheide
Kerk-Averzaath
Kerk-Avezaath
Kerkberg
Kerkbuurt
Kerkdriel
Kerkeburen
Kerkeinde
Kerkelanden
Kerkenbosch
Kerkenveld
Kerkhoven
Kerkrade
Kerkwerve
Kerkwijk
Kersbergen
Kerspel-Goor
Kessel
Kesseleik
Kesteren
Keten
Kethel
Keunenhoek
Keup
Keuperheide
Keuter
Keyenberg
Kibbelgaarn
Kibbelveen
Kielwindeweer
Kiesterzijl
Kievitsdel
Kievitshaar
Kievitsheide
Kievitswaard
Kijfhoek
Kijkduin
Kijkuit
Kilder
Kille
Kimswerd
Kinderbos
Kinderdijk
Kingmatille
Kinkhoven
Kinnum
Kitskensberg
Klaarstraat
Klaaswaal
Kladde
Klappenberg
Klarenbeek
Klarendal
Klatering
Klazienaveen
Klei
Klein Amsterdam
Klein Dochteren
Klein Garnwerd
Klein Genhout
Klein Linden
Klein Wetsinge
Klein-Brabant
Klein-Doenrade
Klein-Dongen
Klein-Groningen
Klein-Harkstede
Klein-Oekel
Klein-Oosterwijk
Klein-Schoot
Klein-Ulsda
Klein-Zundert
Kleinder-Liempde
Kleine Driene
Kleine Drieromers
Kleine Hoeven
Kleine Horst
Kleine Huisjes
Kleine Meers
Kleine Sluis
Kleine Voort
Kleine Zilk
Kleine-Lindt
Kleinemeer
Kleverskerke
Klijndijk
Klimmen
Kling
Klingelbeek
Klingelsberg
Klinkenberg
Kloetinge
Klooster-Lidlum
Kloosterbosch
Kloosterburen
Kloosterdijk
Kloosterhaar
Kloosterhoek
Kloosterveen
Kloosterzande
Kluis
Klundert
Klutsdorp
Knegsel
Knikkerdorp
Knolle
Kockengen
Koedijk
Koedood
Koehool
Koehoorn
Koekange
Koekangerveld
Koevering
Koewacht
Koggenland
Kokkelert
Koldenburg
Kolderveen
Kolderveense Bovenboer
Kolderwolde
Kolham
Kolhol
Kolhorn
Kollum
Kollumerland
Kollumerland en Nieuwkruisland
Kollumerpomp
Kollumerzwaag
Kommerdijk
Kommerzijl
Koningsbosch
Koningsbuurt
Koningshoeven
Koningslust
Koog Zaandijk
Koog a/d Zaan
Koog aan de  Zaan
Koog aan de Zaan
Kooihuizen
Kooldert
Koolwijk
Kooten
Kootstertille
Kootwijk
Kootwijkerbroek
Kop van 't Land
Kopstukken
Korendijk
Korengarst
Korn
Kornhorn
Kornwerderzand
Korrewegwijk
Kort-Haarlem
Korte Akkeren
Korte Akkers
Korte Heide
Kortehemmen
Kortendijk
Kortenhoef
Kortenhoeven
Kortenoord
Korteraar
Kortezwaag
Kortgene
Kortgerecht
Kortland
Kortrijk
Kortwoude
Korvel
Kostverloren
Kostverlorenbocht
Kostvlies
Kotten
Koudehuizen
Koudekerk a/d Rijn
Koudekerk aan den Rijn
Koudekerke
Koudenhoek
Koudhoorn
Koudum
Koufurderrige
Koulen
Kraan
Kraanmeer
Kraanven
Krabbendam
Krabbendijke
Krachtighuizen
Kraggenburg
Krakeel
Kralingen
Kraloo
Kranenburg
Kranendijk
Krassum
Krauwelgorsse Polder
Kreek
Kreielt
Kreijel
Kreijl
Kreileroord
Kreitsberg
Krewerd
Krichelberg
Krimpen a/d IJssel
Krimpen a/d Lek
Krimpen aan de Lek
Krimpen aan den  Ijssel
Krimpen aan den IJssel
Kring van Dorth
Kroddeburen
Kromme Mijdrecht
Kromme Rade
Kromme-Elleboog
Krommenie
Krommeniedijk
Kromwijk
Kronenberg
Kronenburg
Kropswolde
Kruiningen
Kruiningergors
Kruis
Kruisberg
Kruisbergsebossen
Kruisdijk
Kruisdorp
Kruiselwerk
Kruishaar
Kruisland
Kruisschot
Kruisstraat
Kruisweg
Kubaard
Kudelstaart
Kuikhorne
Kuiksche Heide
Kuilensrode
Kuinre
Kuitaart
Kuivezand
Kulsdom
Kunrade
Kuttingen
Kuzemer
Kuzemerbalk
Kwaalburg
Kwadendamme
Kwadijk
Kwartier
Kwintsheul
Kûbaard
Laag Zuthem
Laag-Blokland
Laag-Caestert
Laag-Dalem
Laag-Dalen
Laag-Keppel
Laag-Soeren
Laageinde
Laaghalen
Laaghalerveen
Laagnieuwkoop
Laagraven
Laak
Laar
Laarbeek
Laarbroek
Laareind
Laares
Laarstraat
Laaxum
Lage Berkt
Lage Birk
Lage Giessen
Lage Mierde
Lage Vuursche
Lage Zandschel
Lage Zijde
Lage Zwaluwe
Lagebiezen
Lagebroek
Lagekant
Lageland
Lagenheuvel
Lagenwaard
Lageweide
Lakemond
Lakerveld
Lalleweer
Lambertschaag
Lammerenburg
Lammerweg
Lamswaarde
Land van Kleef
Landerd
Landerum
Landgraaf
Landhorst
Landsmeer
Landsrade
Langbroek
Langdonk
Lange Heide
Lange Linschoten
Lange Weide
Lange Wijk
Langeberg
Langedam
Langedijk
Langedijke
Langeheit
Langel
Langelille
Langelo
Langen
Langenboom
Langendijk
Langenholte
Langenoord
Langeraar
Langerak
Langereis
Langeveen
Langeweegje
Langeweg
Langezwaag
Langs de Amstel
Langweer
Lankes
Lankhorst
Lansingerland
Lapstreek
Laren
Laskwerd
Lathum
Lattrop
Laude
Laudermarke
Lauderzwarteveen
Lauradorp
Lauwerecht
Lauwersoog
Lauwerzijl
Lede
Ledeacker
Leegheide
Leegkerk
Leek
Leemdobben
Leemhorst
Leende
Leenderstrijp
Leenhof
Leens
Leensel
Leerbroek
Leerdam
Leermens
Leersum
Leesten
Leeuw
Leeuwarden
Leeuwarderadeel
Leeuwen
Leeuwte
Legeduurswolde
Legemeer
Legert
Leggeloo
Legh
Leiden
Leiderdorp
Leidschendam
Leidschendam-Voorburg
Leidschenveen
Leidscheveen
Leijen
Leijenbroek
Leijenburg
Leimuiden
Leimuiderbrug
Lekdijk
Lekkerkerk
Lekkerterp
Lekkum
Lellens
Lelystad
Lemel
Lemele
Lemelerveld
Lemiers
Lemmer
Lemmerveld
Lemselo
Lemsterland
Lengel
Lennisheuvel
Lent
Lenthe
Leons
Lepelstraat
Lerop
Lettelbert
Lettele
Leudal
Leuken
Leunen
Leur
Leurke
Leusbroek
Leusden
Leutes
Leuth
Leutingewolde
Leuvenheim
Leuvenum
Leveroij
Lewedorp
Lexmond
Lhee
Lheebroek
Libeek
Lichtaard
Lichtenberg
Lichtenvoorde
Liemeer
Liempde
Lienden
Lierderholthuis
Lieren
Lierop
Lies
Lieseind
Lieshout
Liessel
Liesveld
Lievelde
Lievendaal
Lieveren
Lieving
Lijnden
Lijndonk
Limbricht
Limmel
Limmen
Linde
Linden
Lindenheuvel
Lingewaal
Lingewaard
Lingewijk
Lingsfort
Linne
Linschoten
Lintelo
Lintvelde
Lioessens
Lions
Lippenhuizen
Lisse
Lisserbroek
Lith
Lithoijen
Littenseradiel
Lobith
Lobrink
Lochem
Locht
Lochtenburg
Lochuizen
Loenen
Loenen aan de Vecht
Loenersloot
Loenga
Loerbeek
Loeswijk
Loete
Logt
Loil
Lollum
Lombok
Lomm
Longerhouw
Lonneker
Loo
Looieind
Looierheide
Look
Loon
Loon op Zand
Loons Hoekje
Loopers Kapelle
Loosbroek
Loosdorp
Loosdrecht
Loosdrechtse Bos
Loosduinen
Looveer
Loozen
Lopik
Lopikerkapel
Loppersum
Losdorp
Losser
Lottum
Loven
Lovendaal
Loveren
Loënga
Lubbinge
Lucaswolde
Luchthaven Schiphol
Luchthaven Zuid-Limburg
Luddeweer
Luinjeberd
Luissel
Lula
Lunen
Lunetten
Lunteren
Luntershoek
Lutjebroek
Lutjegast
Lutjelollum
Lutjeloo
Lutjewijtwerd
Lutjewinkel
Lutkepost
Lutkewierum
Lutsborg
Luttelgeest
Lutten
Luttenberg
Lutterade
Lutterveld
Luxwoude
Luyksgestel
Lytshuzen
M-nein
Maalbroek
Maaldrift
Maarheeze
Maarhuizen
Maarland
Maarn
Maarsbergen
Maarssen
Maarssenbroek
Maartensdijk
Maasband
Maasbommel
Maasbracht
Maasbree
Maasdam
Maasdijk
Maasdonk
Maasdriel
Maasgouw
Maashees
Maaskantje
Maasland
Maasniel
Maassluis
Maastricht
Maastricht-Airport
Maasvlakte
Maatsehei
Macharen
Made
Made en Drimmelen
Magele
Magrette
Majella
Makkinga
Makkum
Malburgen
Malden
Maliskamp
Mallem
Mamelis
Mander
Manderveen
Manen
Mantgum
Mantinge
Maranatha
Maren
Maren-Kessel
Margraten
Maria Gewanden
Maria Parochie
Mariadorp
Mariaheide
Mariahoeve
Mariahoop
Mariahout
Mariarade
Mariekerke
Marienberg
Mariendaal
Mariendijk
Marienheem
Marienvelde
Marienwaard
Marijenkampen
Mariënberg
Mariëndaal
Mariëndijk
Mariënheem
Mariënvelde
Mariënwaard
Markelerbroek
Markelo
Marken
Markenbinnen
Markluiden
Marknesse
Markvelde
Marle
Marne De
Marrum
Marsdijk
Marssum
Marsum
Martenshoek
Marum
Marwijksoord
Mastenbroek
Mastwijk
Maten
Mathijseind
Matsloot
Maurik
Maxet
Mechelen
Meddo
Medemblik
Meeden
Meedhuizen
Meemortel
Meer
Meerdijk
Meeren
Meerestein
Meerkerk
Meerland
Meerlo
Meerlo-Wanssum
Meers
Meerssen
Meertenpolder
Meerveldhoven
Meerven
Meerwijck
Meerwijk
Meeuwen
Meeuwenplaat
Meezenbroek
Megchelen
Megelsum
Megen
Meierkamp
Meije
Meijel
Meijldoorn
Meinerswijk
Mekkelholt
Mekkelhorst
Melderslo
Melick
Meliskerke
Melissant
Melle
Melleschet
Mellinkmaat
Menaldum
Menaldumadeel
Mengelenberg
Mennonietenbuurt
Mensingeweer
Menterwolde
Menzel
Meppel
Meppen
Merkelbeek
Merm
Merselo
Mertel
Merum
Mesch
Meteren
Meterik
Metslawier
Meulunteren-De Valk
Mheer
Midbuul
Middel
Middelaar
Middelbeers
Middelbert
Middelburg
Middeldijk
Middelharnis
Middelie
Middelijk
Middelkoop
Middelrode
Middelsluis
Middelstum
Midden-Delfland
Midden-Drenthe
Middenbeemster
Middenmeer
Middenschouwen
Middentocht
Middenveld
Midlaren
Midlum
Midsland
Midwolda
Midwolde
Midwoud
Midzomer
Miedum
Mierlo
Mierlo-Hout
Mijdrecht
Mijnden
Mijnsheerenland
Mijzenpolder
Mijzerkoog
Mijzijde
Mildam
Mildert
Milheeze
Mill
Mill en Sint Hubert
Millen
Millengen
Millingen aan de Rijn
Milsbeek
Milschot
Milt
Mingersberg
Minkeloos
Minkmaat
Minnertsga
Mirns
Miste
Moddergat
Moerbeek
Moerdijk
Moergestel
Moerhuizen
Moerkapelle
Moerkerken
Moerslag
Moerstraten
Moesdijk
Moesel
Moespot-Leeuwte
Molecaten
Molenaarsgraaf
Molenbaan
Molenbeek
Molenberg
Moleneind
Molengat
Molenheide
Molenhoek
Molenpolder
Molenrij
Molenschot
Molenstraat
Molenveld
Molenvliet
Molenwijk
Molkwerum
Molsberg
Monnickendam
Monnikenhuizen
Monster
Montferland
Montfoort
Montfort
Mook
Mook en Middelaar
Mookhoek
Moordhuizen
Moordrecht
Moorst
Moorveld
Moosdijk
Morige
Morra
Morsche Hoef
Mortel
Moscou
Mossel
Mostheuvel
Muggenbeet
Muggenhol
Muggenhool
Muiden
Muiderberg
Muijeveld
Muisbroek
Mullegen
Mun
Munnekeburen
Munnekemoer
Munnekezijl
Munnikenheide
Munnikenland
Munsel
Munstergeleen
Muntel
Muntendam
Murmerwoude
Musschemig
Mussel
Musselkanaal
Mûnein
Naaldwijk
Naarden
Naarderburen
Naardermeer
Naastenbest
Nabbegat
Nabben
Nachtegaal
Nagelbeek
Nagele
Nansum
Napels
Nattenhoven
Nauerna
Nazareth
Neck
Neder-Betuwe
Neder-Hardinxveld
Nederasselt
Nederheide
Nederhemert
Nederhemert-Noordzijde
Nederhemert-Zuidzijde
Nederhorst Den Berg
Nederhorst den Berg
Nederland
Nederlangbroek
Nederlek
Nederweert
Nederweerterdijk
Nederwetten
Nederwoud
Neede
Neer
Neerbeek
Neerbosch
Neerbroek
Neerdorp
Neerijnen
Neeritter
Neerkant
Neerloon
Neersteind
Neerstraat
Negenhuizen
Nergena
Nerhoven
Nes
Nessersluis
Netersel
Nettelhorst
Netterden
Niawier
Nibbixwoud
Niebert
Niedorp
Niehove
Niekerk
Niemeskant
Nierhoven
Niersen
Niesoord
Nietap
Nieuw Amerika
Nieuw Gastel
Nieuw- en St. Joosland
Nieuw-Amsterdam
Nieuw-Annerveen
Nieuw-Balinge
Nieuw-Beerta
Nieuw-Beijerland
Nieuw-Bergen
Nieuw-Borgvliet
Nieuw-Buinen
Nieuw-Dijk
Nieuw-Dordrecht
Nieuw-Duinkerken
Nieuw-Gassel
Nieuw-Ginneken
Nieuw-Haamstede
Nieuw-Heeten
Nieuw-Helvoet
Nieuw-Lekkerland
Nieuw-Loosdrecht
Nieuw-Lotbroek
Nieuw-Maarsseveen
Nieuw-Millingen
Nieuw-Namen
Nieuw-Reemst
Nieuw-Roden
Nieuw-Scheemda
Nieuw-Schoonebeek
Nieuw-Vennep
Nieuw-Vossemeer
Nieuw-Weerdinge
Nieuw-Wehl
Nieuw-Zuilen
Nieuw-Zwinderen
Nieuwaal
Nieuwborg
Nieuwdorp
Nieuwe Abeele
Nieuwe Bildtdijk
Nieuwe Bildtzijl
Nieuwe Brug
Nieuwe Compagnie
Nieuwe Heide
Nieuwe Koedood
Nieuwe Krim
Nieuwe Meer
Nieuwe Molen
Nieuwe Pekela
Nieuwe Schans
Nieuwe Statenzijl
Nieuwe Tuinen
Nieuwe Wetering
Nieuwe Zijlen
Nieuwe-Niedorp
Nieuwe-Tonge
Nieuwe-Vaart
Nieuwe-Wetering
Nieuwebrug
Nieuwediep
Nieuwegein
Nieuwehorne
Nieuwemolen
Nieuwendam
Nieuwendijk
Nieuwenhagen
Nieuwenhoorn
Nieuwenhuishoek
Nieuwer Amstel
Nieuwer-Ter-Aa
Nieuwerbrug
Nieuwerhoek
Nieuwerkerk
Nieuwerkerk a/d IJssel
Nieuwerkerk aan den IJssel
Nieuwerkerk aan den Ijssel
Nieuweroord
Nieuwersluis
Nieuweschans
Nieuweschoot
Nieuwesluis
Nieuwgraaf
Nieuwkerk
Nieuwkoop
Nieuwkuijk
Nieuwland
Nieuwlande
Nieuwleusen
Nieuwolda
Nieuwpoort
Nieuwstad
Nieuwstadt
Nieuwveen
Nieuwvliet
Niezijl
Niftrik
Nigtevecht
Nij Altoenae
Nij Beets
Nijbroek
Nijbuorren
Nijeberkoop
Nijefurd
Nijega
Nijehaske
Nijeholtpade
Nijeholtwolde
Nijelamer
Nijemirdum
Nijenbeker
Nijenrode
Nijensleek
Nijentap
Nijetrijne
Nijeveen
Nijeveense Bovenboer
Nijezijl
Nijhofshoek
Nijhoven
Nijhuizum
Nijken-Strubben-Hoogschan
Nijken-Strubben-Hoogschans
Nijkerk
Nijkerkerveen
Nijland
Nijlande
Nijmegen
Nijnsel
Nijstad
Nijswiller
Nijverdal
Nimmerdor
Nispen
Nisse
Nistelrode
Noardburgum
Noetsele
Nolde
Nollen
Nooit Gedacht
Nooitgedacht
Noorbeek
Noord
Noord-Bakkum
Noord-Beveland
Noord-End
Noord-Kethel
Noord-Meer
Noord-Scharwoude
Noord-Sleen
Noordbarge
Noordbeemster
Noordbroek
Noorddijk
Noordeinde
Noordeloos
Noorden
Noordenveld
Noorder Kolonie
Noorder-Koggenland
Noorderburen
Noorderhoogebrug
Noorderlegmeerpolder
Noordermeer
Noordgeest
Noordgouwe
Noordhoek
Noordhorn
Noordijk
Noordink
Noordkant
Noordlaren
Noordoostpolder
Noordpolderzijl
Noordschans
Noordsche Bosch
Noordsche Schut
Noordscheschut
Noordse Dorp
Noordsebuurt
Noordstraat
Noordveen
Noordwelle
Noordwijk
Noordwijk aan Zee
Noordwijk-Binnen
Noordwijkerhout
Noordwolde
Noordzijde
Nootdorp
Norden
Norg
Norgervaart
Notel
Notendaal
Notsel
Notter
Noukoop
Nude
Nuenen
Nuijeneind
Nuinhof
Nuis
Nuland
Nuld
Nulland
Numansdorp
Numero Dertien
Nummer Een
Nummer Eén
Nunhem
Nunspeet
Nuth
Nutter
Nykleaster
Obbicht
Obdam
Obergum
Ochten
Odijk
Odiliapeel
Odoorn
Odoornerveen
Oeffelt
Oegstgeest
Oekel
Oeken
Oele
Oene
Oensel
Oentsjerk
Oerle
Oetelaar
Oevereind
Offem
Offenbeek
Offerkamp
Offingawier
Ofwegen
Ohe
Ohe en Laak
Ohé
Ohé en Laak
Oijen
Oirlo
Oirsbeek
Oirschot
Oisterwijk
Okkenbroek
Olburgen
Old Eibergen
Oldambt
Oldeberkoop
Oldebroek
Oldeholtpade
Oldeholtwolde
Oldehove
Oldekerk
Oldelamer
Oldemarkt
Oldendiever
Oldeneel
Oldengaarde
Oldenhave
Oldenzaal
Oldenzijl
Oldeouwer
Oldetrijne
Oldorp
Olen
Oler
Olgerbuurt
Oliemolenes
Oling
Olland
Olst
Olst-Wijhe
Olterterp
Ommel
Ommelanderwijk
Ommen
Ommeren
Ommerenveld
Ommerschans
Omval
Onder-Eindt
Onderbanken
Onderdendam
Onderdijk
Onderwierum
Ondiep
Onna
Onnen
Ons Belang
Onstwedde
Oog in Al
Ooij
Ooijen
Ool
Oolde
Ooltgensplaat
Oomsberg
Oordeel
Oosseld
Oost
Oost Gelre
Oost- West- en Middelbeer
Oost- West- en Middelbeers
Oost-Friesland
Oost-Graftdijk
Oost-Knollendam
Oost-Maarland
Oost-Souburg
Oost-Vlieland
Oost-Zwaagdijk
Oostbeemster
Oostbroek
Oostburg
Oostbuurt
Oostdijk
Oostdongeradeel
Oostdorp
Oosteind
Oosteinde
Oosteinderpoelpolder
Oostelbeers
Oostendam
Oostendorp
Oostenrijk
Ooster-Dalfsen
Oosterbeek
Oosterbierum
Oosterblokker
Oosterboer
Oosterboorn
Oosterbroek
Oosterbuurt
Oosterdijk
Oostereinde
Oosterend
Oosterens
Oostererf
Oosterhaar
Oosterhei
Oosterheide
Oosterhesselen
Oosterholt
Oosterhoogebrug
Oosterhout
Oosterhuis
Oosterhuizen
Oosterik
Oostering
Oosterklief
Oosterland
Oosterleek
Oosterlittens
Oosternieland
Oosternijkerk
Oosterstreek
Oostertuinen
Oostervalge
Oosterwierum
Oosterwijk
Oosterwijk-Zuidbroek
Oosterwijtwerd
Oosterwijzend
Oosterwolde
Oosterzand
Oosterzee
Oostflakkee
Oosthem
Oosthoek
Oosthout
Oosthuizen
Oostkapelle
Oostlaar
Oostmahorn
Oostmijzen
Oostpolder
Oostrum
Ooststellingwerf
Oostum
Oostveld
Oostvoorne
Oostwold
Oostwold-Slochteren
Oostwolder Hamrik
Oostwolder Polder
Oostwoud
Oostzaan
Oostzijderveld
Ootmarsum
Ooyerhoek
Op de Beeret
Op de Belt
Op de Groote Heide
Op den Bout
Op den Hering
Opeinde
Opende
Ophemert
Opheusden
Ophoven
Ophuis
Opijnen
Oploo
Opmeer
Oppenhuizen
Opperburen
Opperdoes
Opperduit
Opsterland
Opwetten
Opwierde
Oranje
Oranjedorp
Oranjeoord
Oranjepolder
Oranjewijk
Oranjewoud
Orden
Orthen
Orvelte
Osdorp
Osen
Oshaar
Osingahuizen
Ospel
Ospeldijk
Oss
Osse
Ossenbroek
Ossendrecht
Ossenisse
Ossenwaard
Ossenzijl
Ostaaijen
Osterbos
Oterdum
Oterdumerwarven
Oterleek
Othene
Otterlo
Ottersum
Otterweg
Ottoland
Otweg
Oud Gastel
Oud Verlaat
Oud Zevenaar
Oud en Nieuw Gastel
Oud-Aa
Oud-Ade
Oud-Alblas
Oud-Annerveen
Oud-Appelscha
Oud-Avereest
Oud-Beijerland
Oud-Bodegraven
Oud-Caberg
Oud-Diemen
Oud-Dijk
Oud-Drimmelen
Oud-Empel
Oud-Heusden
Oud-Kamerik
Oud-Kethel
Oud-Kortenhoef
Oud-Leusden
Oud-Loosdrecht
Oud-Maarsseveen
Oud-Ootmarsum
Oud-Over
Oud-Reemst
Oud-Reeuwijk
Oud-Roosteren
Oud-Sabbinge
Oud-Schoterland
Oud-Valkenburg
Oud-Vossemeer
Oud-Wulven
Oud-Zuilen
Ouddorp
Oude Bildtdijk
Oude Bildtzijl
Oude Hornercompagnie
Oude IJsselstreek
Oude Koedood
Oude Land
Oude Leede
Oude Leije
Oude Maasdijk
Oude Meer
Oude Molen
Oude Pekela
Oude Roodehaan
Oude Wetering
Oude Willem
Oude-Niedorp
Oude-Tonge
Oudedijk
Oudega
Oudehaske
Oudehorne
Oudelande
Oudelandsdijk
Oudemirdum
Oudemolen
Oudenbosch
Oudendijk
Oudendijkse Polder
Oudenhoorn
Oudenmolen
Oudenrijn
Ouder-Amstel
Ouderkerk
Ouderkerk a/d Amstel
Ouderkerk a/d IJssel
Ouderkerk aan de Amstel
Ouderkerk aan den IJssel
Ouderkerk aan den Ijssel
Oudeschans
Oudeschild
Oudeschip
Oudeschoot
Oudesluis
Oudewaard
Oudewater
Oudeweg
Oudezijl
Oudheusden
Oudijk
Oudkarspel
Oudland
Oudleusen
Oudorp
Oudshoorn
Oudveld
Oudwoude
Oukoop
Ouwe Gouwe
Ouwerkerk
Ouwster-Nijega
Ouwsterhaule
Oventje
Over-Diemen
Over-Ouderkerk
Overakker
Overasselt
Overberg
Overbetuwe
Overboeicop
Overbroek
Overburen
Overdinkel
Overeys
Overhaelen
Overheek
Overheicop
Overhoven
Overlangbroek
Overlangel
Overloon
Overmaat
Overmeer
Overschie
Overschild
Overschot
Overslag
Overslingeland
Overveen
Overwhere
Ovezande
Oxe
Paal
Paarlo
Paasberg
Paasloo
Paauwenburg
Pade
Padhuis
Paesens
Palemig
Palenberg
Pallert
Pals
Panheel
Pannerden
Panningen
Papekop
Papenbeek
Papendijk
Papendrecht
Papenhoven
Papenveer
Papenvoort
Park Leeuwenbergh
Parrega
Partij Wittem
Pasop
Passart
Passewaaij
Paterswolde
Pathmos
Pauluspolder
Peebos
Peel en Maas
Peelo
Peelse Huis
Peelstraat
Peest
Peij
Peins
Peize
Peizermade
Peizerweg
Peizerwold
Pekela
Peking
Pelikaan
Pelsendijk
Pendrecht
Peperga
Perenboom
Pernis
Persingen
Pesaken
Pesse
Petersburg
Petten
Peursum
Philippine
Philipsdorp
Philipswijk
Philisteinsche Polder
Piaam
Pieperij
Piepert
Pierik
Pieriksmars
Piershil
Pieterburen
Pietersbierum
Pieterzijl
Pijlsweerd
Pijnacker
Pijnacker-Nootdorp
Pijnenburg
Pindorp
Pingjum
Plaggenborg
Plankendorp
Plasmolen
Plattenburg
Platteweg
Platvoet
Plenkershoven
Plenkert
Poederoijen
Poederoijensehoek
Poeldijk
Poeldonk
Pol
Polanen
Polder Galekop
Polder de Nieuwe Ban
Polen
Polle
Polsbroek
Polsbroekerdam
Ponte
Poortugaal
Poortvliet
Poppenhuizen
Poppenwier
Portengen
Posterenk
Posterholt
Praets
Prattenburg
Presikhaaf
Prickart
Princenhage
Prins Alexanderpolder
Prinsenbeek
Prinsenkamp
Prinsland
Proosdijveld
Puiflijk
Punthorst
Purmer
Purmerend
Purmerland
Putbroek
Puth
Putte
Putten
Puttershoek
Pyramide
Quabeek
Quatre Bras
Raaieind
Raalte
Raam
Raamberg
Raamsdonk
Raamsdonksveer
Raaphorst
Raar
Raard
Raath
Rade
Radewijk
Radio Kootwijk
Raerd
Rafelder
Rakens
Rakt
Rande
Randenbroekkwartier
Randenburg
Randwijck
Randwijk
Ransdaal
Ransdorp
Ranum
Rapenburg
Raren
Rasquert
Ratum
Rauwerderhem
Ravensgat
Ravenstein
Ravenswaaij
Ravenswoud
Reah-s
Reahûs
Recht van Terleede
Rechteren
Rechtvaart
Rectum
Redichem
Reduzum
Reek
Reestlanden
Reeuwijk
Reeuwijksebrug
Regge
Reiderland
Reijerscop
Reijmerstok
Reimerswaal
Reitsum
Rekken
Remmerden
Remswerd
Ren
Renesse
Renkum
Rennebourg
Rennemig
Renswoude
Ressen
Retersbeek
Reth
Retranchement
Reuken
Reusel
Reusel-De Mierden
Reutje
Reutum
Reuver
Reuzenhoek
Rewerd
Rha
Rheden
Rhederbrug-Oost
Rhee
Rheeze
Rheezerveen
Rhenen
Rhenoy
Rhienderen
Rhoon
Rhoonse Veer
Ribbelt
Ridderbuurt
Ridderkerk
Riebroek
Ried
Riel
Rien
Riethorst
Riethoven
Rietmolen
Rietveld
Rijckholt
Rijen
Rijkel
Rijkerswoerd
Rijkevoort
Rijksdorp
Rijksweg
Rijndijk
Rijneveld
Rijngebied
Rijnsaterwoude
Rijnsburg
Rijnwaarden
Rijnwoude
Rijp
Rijpelberg
Rijpwetering
Rijs
Rijsbergen
Rijsdam
Rijsenburg
Rijsenhout
Rijsoord
Rijssen
Rijssen-Holten
Rijswijk
Rijt
Rilland
Rilland-Bath
Rimburg
Rimpeld
Rinkesfort
Rinkveld
Rinnegom
Rinsumageest
Rips
Rith
Ritsumazijl
Ritthem
Rivierenwijk
Rixtel
Rockanje
Roden
Rodenrijs
Roderesch
Roderveld
Roderwolde
Roekebosch
Roelage
Roelofarendsveen
Roelshoek
Roer
Roerdalen
Roermond
Roerstelberg
Roestenberg
Roeven
Rogat
Roggel
Roggel en Neer
Roggelsedijk
Rohel
Rolaf
Rolde
Rolduc
Roligt
Rollepaal
Rome
Ronde Broek
Rondeblesse
Ronduite
Roode-Polder
Roodehaan
Roodenhoek
Roodeput
Roodeschool
Roodeschuur
Roodevaart
Roodhuis
Roodkerk
Roodvoet
Roombeek
Roomveld
Roond
Roosendaal
Roosendaal en Nispen
Rooskenskant
Roosteren
Rooth
Rooversbroek
Roptazijl
Rosanderpolder
Rosengarten
Rosmalen
Rosmolenbuurt
Rossum
Rosveld
Roswinkel
Rothem
Rotstergaast
Rotsterhaule
Rott
Rotterdam
Rottevalle
Rottum
Rottumeroog
Rouveen
Roverberg
Rozenburg
Rozendaal
Rucphen
Ruigahuizen
Ruigeweide
Ruigezand
Ruigoord
Ruimel
Ruinen
Ruinerweide
Ruinerwold
Ruischerbrug
Ruiten
Ruitenveen
Rukven
Rul
Rumelaar
Rumpen
Rumpt
Runrot
Rustenburg
Rutten
Ruurlo
Ruurloschebroek
Ryptsjerk
Saaksum
Saasveld
Saaxumhuizen
Salvert
Sambeek
Sandebuur
Sander
Sanderbout
Sandfirden
Santfort
Santpoort-Noord
Santpoort-Zuid
Sappemeer
Sas van Gent
Sasput
Sassenheim
Sauwerd
Schaapbulten
Schaarsbergen
Schadewijk
Schadijk
Schadron
Schaesberg
Schaft
Schagen
Schagerbrug
Schaijk
Schalkhaar
Schalkwijk
Schalsum
Schandelo
Schans
Schapenbout
Schapenmeent
Schapershoek
Schardam
Scharendijke
Scharl
Scharlo
Scharmer
Scharn
Scharnegoutum
Scharsterbrug
Scharwoude
Schaveren
Scheemda
Scheemdermeer
Scheemderzwaag
Scheerwolde
Scheide
Schelfhorst
Schelle
Schellingwoude
Schellinkhout
Schelluinen
Schelm
Schenkel
Schenkeldijk
Schermer
Schermerdijk
Schermerhorn
Scherpenering
Scherpenisse
Scherpenzeel
Schettens
Scheulder
Scheveningen
Schey
Schiebroek
Schiedam
Schiermonnikoog
Schietecoven
Schieveen
Schieven
Schijf
Schijndel
Schilberg
Schildwolde
Schillersheide
Schilligeham
Schimmert
Schin op Geul
Schingen
Schinnen
Schinveld
Schipborg
Schiphol
Schiphol-Rijk
Schiphorst
Schipluiden
Schoonbron
Schoondijke
Schoondorp
Schoonebeek
Schoonenburg
Schoonhoven
Schoonlo
Schoonloo
Schoonoord
Schoonouwen
Schoonrewoerd
Schoonveld
Schoor
Schoordijk
Schoorl
Schoorldam
Schoorveld
Schoot
Schore
Schorebrug
Schoten-Uiterdijken
Schotsheuvel
Schottershuizen
Schouwen
Schouwen-Duiveland
Schouwerzijl
Schraard
Schreurserve
Schrieversheide
Schuddebeurs
Schuilenburg
Schuilingsoord
Schuinesloot
Schulpstet
Schurenberg
Schuring
Schuttersveld
Schutwijk
Schuwacht
Schweiberg
Sebaldeburen
Seeryp
Seghwaert
Selissen
Sellingen
Sellingerbeetse
Selmien
Selwerd
Sempke
Sengelsbroek
Separatiedijk
Seppe
Serooskerke
Seters
Sevenum
Sexbierum
Sibbe
Sibculo
Sibrandabuorren
Siddeburen
Siddebuursterveen
Siebengewald
Siebengewâld
Siegerswoude
Siepelveen
Sigerswâld
Sijbekarspel
Sijbrandahuis
Silvolde
Simonshaven
Simonshoek
Simpelveld
Sinderen
Sinnevelt
Sinselbeek
Sint Agatha
Sint Andries
Sint Anna
Sint Anna Ter Muiden
Sint Anna ter Muiden
Sint Annaland
Sint Annaparochie
Sint Annen
Sint Annerhuisjes
Sint Anthoniepolder
Sint Anthonis
Sint Antoniusbank
Sint Geertruid
Sint Gerlach
Sint Hubert
Sint Isidorushoeve
Sint Jacobiparochie
Sint Jansklooster
Sint Jansteen
Sint Johannesga
Sint Joosland
Sint Joost
Sint Josefparochie
Sint Kruis
Sint Laurens
Sint Maarten
Sint Maartensbrug
Sint Maartensdijk
Sint Maartensvlotbrug
Sint Maheerdt
Sint Marten
Sint Michielsgestel
Sint Nicolaasga
Sint Odilienberg
Sint Odiliënberg
Sint Pancras
Sint Philipsland
Sint Pieter
Sint Vitusholt
Sint Willebrord
Sint-Michielsgestel
Sint-Oedenrode
Sintmaheerdt
Sirjansland
Sitebuorren
Sittard
Sittard-Geleen
Skarsterlan
Skarsterlân
Slabroek
Slagharen
Slagveld
Slangenburg
Slappeterp
Sleen
Sleeuwijk
Sleeuwijksche Polder
Slek
Slenaken
Slibbroek
Slichtenhorst
Sliedrecht
Slijk-Ewijk
Slijkenburg
Slijkplaat
Slijkwell
Slikkerveer
Slochteren
Slootdijk
Slootdorp
Sloten
Sloterdijk
Sluipwijk
Sluis
Sluis-Aardenburg
Sluiskil
Smakt
Smalbroek-Ter Horst
Smalle Ee
Smallebrugge
Smallingerland
Smeerling
Smeermaas
Smerp
Smidstraat
Smilde
Smitshoek
Smorenhoek
Snakkerburen
Sneek
Snelrewaard
Snepseind
Snijdersberg
Snikzwaag
Snippeling
Snodenhoek
Snorrenhoef
Soerel
Soerendonk
Soest
Soestdijk
Soestduinen
Soesterberg
Soesterkwartier
Soeterbeek
Solwerd
Someren
Someren-Eind
Somerensche Heide
Sommelsdijk
Son
Son en Breugel
Sondel
Sonnega
Sonniuswijk
Sonsbeek
Sopsum
Spaansch-Huisken
Spaarndam
Spaarndam-West
Spaarndammerbuurt
Spaarnwoude
Spakenburg
Spanbroek
Spanga
Spangen
Spankeren
Spannenburg
Spannum
Sparrenburg
Spaubeek
Speers
Spekholzerheide
Spelberg
Spengen
Speuld
Spier
Spierdijk
Spijk
Spijkenisse
Spijkerboor
Spitsbergen
Sponturfwijk
Spoolde
Spoorbuurt
Spoordonk
Sprang
Sprang-Capelle
Sprangsevaart
Sprokkelbosch
Sprundel
Spui
Spurk
Spurkt
St.-Annaparochie
St.-Jacobiparochie
Staalduinen
Staartsche Duinen
Stad Delden
Stad aan 't Haringvliet
Stad van Gerwen
Stadbroek
Stadse Dijk
Stadskanaal
Stadsveld
Stakenborg
Stalberg
Stampersgat
Standdaarbuiten
Stapel
Staphorst
Starnmeer
Starnmeerpolder
Startenhuizen
Starting
Statendam
Stationsbuurt
Stavenisse
Staverden
Stavoren
Stede Broec
Stedum
Steeg
Steegsbroek
Steelhoven
Steenbergen
Steendam
Steenderen
Steenenkamer
Steenenkruis
Steenoven
Steenovens
Steenplaats
Steensel
Steenwijk
Steenwijkerland
Steenwijkerwold
Steenwijksmoer
Stegen
Stegeren
Steggerda
Steijl
Stein
Steinenburg
Stekkenberg
Stellendam
Sterenborg
Sterksel
Stevenfenne
Stevensbeek
Stevensweert
Stichting Rekken
Stieltjeskanaal
Stiens
Stipdonk
Stiphout
Stippelberg
Stitswerd
Stobben
Stogger
Stokhem
Stokkelaarsbrug
Stokkelen
Stokkum
Stokt
Stolpen
Stolpervlotbrug
Stolwijk
Stolwijkersluis
Stompetoren
Stompwijk
Stoof
Stootshorn
Stormpolder
Stougjesdijk
Stoutenburg
Stox
Straat en Thuserhof Spik
Strabeek
Strabrecht
Stramproy
Straten
Strateris
Stratum
Streefkerk
Streek
Streukel
Strevelshoek
Strijbeek
Strijen
Strijenham
Strijensas
Strijp
Strijpe
Strikberg
Stroe
Stroet
Stroobos
Stroodorp
Strooivledder
Strucht
Stuifakker
Stuifzand
Stuivezand
Sumar
Surhuisterveen
Surhuizum
Susteren
Suttum
Suwâld
Swaanwert
Swalmen
Swartbroek
Sweikhuizen
Swichum
Swier
Swifterbant
Swolgen
Taarlo
Tabakshof
Tange
Tappersheul
Tasdijk
Te Zaanen
Teckop
Teeffelen
Teerns
Tegelen
Telgt
Tempel
Ten Arlo
Ten Boer
Ten Esschen
Ten Post
Ten Velde
Ter Aalst
Ter Aar
Ter Aard
Ter Apel
Ter Apelkanaal
Ter Borg
Ter Haar
Ter Heijde
Ter Hole
Ter Idzard
Ter Kleef
Ter Lucht
Ter Maarsch
Ter Wisch
Terband
Terblijt
Terborg
Terdiek
Tereyken
Tergracht
Terhagen
Terheijden
Terheijl
Terherne
Terhofstede
Terhorst
Terkaple
Terlet
Terlinden
Termaar
Termunten
Termunterzijl
Ternaard
Terneuzen
Teroele
Terover
Terschelling
Terschuren
Terschuur
Tersluis
Tersoal
Terstraten
Tervoorst
Tervoort
Terwinselen
Terwisga
Terwispel
Terwolde
Terworm
Terziet
Teteringen
Teuge
Texel
Teylingen
Thamerdal
Theereheide
Thesinge
Thij
Tholen
Thorn
Thull
Tichelwurk
Tiel
Tielse Hoeve
Tiendeveen
Tiendweg-West
Tiengemeten
Tienhoven
Tienraij
Tienray
Tiggelt
Tijnje
Tilburg
Tilligte
Tinallinge
Tinte
Tirns
Tivoli
Tjaard
Tjabbesoord
Tjalhuizum
Tjalleberd
Tjallewal
Tjamsweer
Tjeintgum
Tjerkgaast
Tjerkwerd
Tjoene
Tjuchem
Tolberg
Tolbert
Toldijk
Tolkamer
Tolke
Tollebeek
Tonden
Tongelaar
Tongelre
Tongeren
Tongerlo
Tonnekreek
Tonsel
Toom
Toornwerd
Tragel
Tranendal
Transvaal
Treebeek
Trent
Tricht
Triemen
Trimunt
Trintelen
Tripscompagnie
Tritzum
Trompenberg
Tronde
Tubantia
Tubbergen
Tuikwerd
Tuil
Tuindorp
Tuindorp Broekheurne
Tuindorp Bruggemors
Tuindorp Dolfia
Tuindorp Meerdervoort
Tuindorp Onnen
Tuindorp Oostzaan
Tuindorp Slotermeer
Tuinhoek
Tuinstad Slotervaart
Tuitjenhorn
Tuk
Tull en 't Waal
Tungelroy
Turkeije
Tusschen de Bruggen
Tusschenloegen
Tussenklappen
Tussenlanen
Twaalfmorgen
Tweede Exloermond
Tweede Exloërmond
Tweede Tol
Tweede Valthermond
Tweehuizen
Tweemanspolder
Twekkelerveld
Twekkelo
Twello
Twenterand
Twijzel
Twijzelerheide
Twisk
Twist
Tynaarlo
Tytsjerk
Tytsjerksteradiel
Tzum
Tzummarum
Ubach over Worms
Ubachsberg
Ubbena
Ubbergen
Ubroek
Uddel
Uden
Udenhout
Uffelse
Uffelte
Ugchelen
Uilesprong
Uitdam
Uiteinde
Uiterburen
Uiterwaard
Uitgeest
Uithoorn
Uithuizen
Uithuizermeeden
Uitweg
Uitwellingerga
Uitwierde
Uitwijk
Ulestraten
Ulft
Ulfterhoek
Ulicoten
Ullingen
Ulrum
Ulsda
Ulvenhout
Ureterp
Urk
Urkhoven
Urmond
Ursem
Ursum
Usquert
Usselo
Utingeradeel
Utrecht
Utrechtse Heuvelrug
Vaals
Vaalwaard
Vaardeburen
Vaartkant
Vaartwijk
Vaassen
Vaesrade
Val
Valburg
Valenberg
Valendries
Valkenburg
Valkenburg aan de Geul
Valkenheide
Valkenhuizen
Valkenisse
Valkenswaard
Valkeveen
Valkkoog
Valthe
Valtherblokken
Valthermond
Valthermussel
Van Ewijcksluis
Varik
Varsen
Varssel
Varsselder
Varsseveld
Varvik
Vasse
Vatrop
Vechten
Veecaten
Veele
Veelerveen
Veen
Veendam
Veendijk
Veenendaal
Veenhof
Veenhuizen
Veenhuizerveld
Veeningen
Veenklooster
Veenkoten
Veenoord
Veenwouden
Veenwoudsterwal
Veer
Veere
Veerhuis
Veers
Veessen
Vegelinsoord
Veghel
Veld
Veldbuurt
Velddriel
Velden
Veldhoek
Veldhoven
Veldhuizen
Veldhunten
Veldkamp
Veldschuur
Veldstreek
Veldwijk
Velgart
Velletri
Velp
Velsen
Velsen-Noord
Velsen-Zuid
Velserbroek
Velswijk
Veltum
Veluwe
Velve
Vemde
Ven
Ven - Zelderheide
Ven-Zelderheide
Venebrugge
Veneburen
Veneind
Venhorst
Venhuizen
Venkoelen
Venlo
Venne
Venray
Vensterburen
Verlaat
Verloren Einde
Verreheide
Versilienbosch
Vervoornepolder
Verwolde
Verzetswijk
Vessem
Vethuizen
Veulen
Vianen
Viel
Vierakker
Vierambachtspolder
Vierbannen
Vierhouten
Vierhuis
Vierhuizen
Vierlingsbeek
Vierpolders
Vieruitersten
Vierverlaten
Vijcie
Vijfhuis
Vijfhuizen
Vijlen
Vilheide
Vilsteren
Vilt
Vingerling
Vink
Vinkega
Vinkel
Vinkenberg
Vinkenbroek
Vinkenbuurt
Vinkenhoef
Vinkeveen
Visbuurt
Vissersburen
Visserweert
Visvliet
Vlaardingen
Vlaardinger-Ambacht
Vlaas
Vlagtwedde
Vlagtwedder-Veldhuis
Vlasakkers
Vledder
Vledderhuizen
Vledderveen
Vlengendaal
Vleut
Vleuten
Vleuten-De Meern
Vliedberg
Vliegert
Vlieghuis
Vlieland
Vlierden
Vliert
Vliet
Vlijmen
Vlissingen
Vlist
Vlodrop
Vloeieind
Voederheil
Voerendaal
Vogelenzang
Vogelfort
Vogelwaarde
Vogelzang
Voldijn
Volendam
Volkel
Vollenhove
Volthe
Vondelingenplaat
Voorburg
Voordeldonk
Voordijk
Voorhout
Voorne
Voorschoten
Voorst
Voorstad
Voorste Brug
Voorste Hees
Voorste Heikant
Voorsterveld
Voorstonden
Voort
Voorthuizen
Voorveld
Voorweg
Vorchten
Vorden
Vorenseinde
Vorstenbosch
Vortum-Mullem
Vosberg
Vosdonk
Voskuil
Voskuilen
Vossebelt
Vossebrink
Vosselen
Vossenburg
Voulwames
Vrachelen
Vragender
Vrakker
Vrank
Vredenheim
Vredepeel
Vrederust
Vredeveld
Vreeland
Vreeswijk
Vreewijk
Vressel
Vries
Vriescheloo
Vriezekoop
Vriezenveen
Vriezenveensewijk
Vrij
Vrijhoeve
Vrijhoeven
Vrilkhoven
Vroelen
Vroenhof
Vroenhout
Vroomshoop
Vrouwenakker
Vrouwenparochie
Vrouwenpolder
Vrusschemig
Vught
Vuile Riete
Vuilwammes
Vuren
W-nseradiel
Waaksens
Waal
Waalre
Waalwijk
Waarddijk
Waarde
Waardenburg
Waarder
Waardhuizen
Waardpolder
Waarland
Waatskamp
Waaxens
Wachtum
Waddinxveen
Wadenoijen
Wadway
Wadwerd
Wagenberg
Wagenborgen
Wagendijk
Wageningen
Wageningen-Hoog
Wahlwiller
Waldeck
Walem
Walhofspark
Walik
Wals
Walsberg
Walsoorden
Wamel
Wammert
Wanneperveen
Wanroij
Wanssum
Wanswerd
Wanswert
Wapenveld
Wapse
Wapserveen
War
Warande
Warder
Warffum
Warfhuizen
Warfstermolen
Warken
Warkensche Veld
Warm
Warmenhuizen
Warmond
Warniahuizen
Warns
Warnsveld
Warstiens
Warten
Waskemeer
Waspik
Wassenaar
Wassinkbrink
Waterakkers
Wateren
Watergang
Watergraafsmeer
Waterhuizen
Wateringen
Wateringse Veld
Wateringskant
Waterkant
Waterland
Waterlandkerkje
Waterop
Waterval
Waubach - Groenstraat
Waubach-Groenstraat
Waverveen
Wedde
Wedderheide
Wedderveer
Weebosch
Weende
Weerd
Weerdinge
Weerselo
Weert
Weerwille
Weesp
Weesperkarspel
Wegdam
Wehe-Den Hoorn
Wehl
Weidum
Weijereind
Weijerswold
Weijland
Weijpoort
Weilenseind
Weipoort
Weite
Weitemanslanden
Weiteveen
Weiver
Weiwerd
Wekerom
Welberg
Welfersveen
Well
Wellerlooi
Wellseind
Wellsmeer
Welschap
Welsrijp
Welsum
Welten
Wely
Wemeldinge
Wenum
Weper
Wergea
Werkendam
Werkensche Polder
Werkhorst
Werkhoven
Wernhout
Wervershoof
Wesepe
Wessem
Wessinge
Wessinghuizen
Wessingtange
West Maas en Waal
West- en Middelbeers Oost-
West-Graftdijk
West-Indiebuurt
West-Indiëbuurt
West-Knollendam
West-Souburg
West-Terschelling
Westbeemster
Westbroek
Westdijk
Westdongeradeel
Westdorp
Westdorpe
Westeind
Westeinde
Westelbeers
Westendorp
Westeneng
Westenenk
Westenesch
Westenholte
Westenschouwen
Wester Eng
Wester-Koggenland
Westerbeek
Westerblokker
Westerbork
Westerbroek
Westerdijkshorn
Westeremden
Westerend
Westerend Harich
Westergeest
Westerhaar
Westerheul
Westerhout
Westerhoven
Westerhuis
Westering
Westerklief
Westerland
Westerlee
Westerleesche Veen
Westermoerbeek
Westernieland
Westernijkerk
Westerschouwen
Westerse Bos
Westervalge
Westerveld
Westervelde
Westervoort
Westerwijk
Westerwijtwerd
Westerzand
Westfriese Zeedijk
Westhem
Westhoek
Westkapelle
Westland
Westlaren
Westmaas
Westpolder
Westrik
Weststellingwerf
Westvoorne
Westwoud
Westzaan
Westzaner-Overtoom
Westzanerdijk
Westzijderveld
Wetering
Weteringbrug
Wetsens
Wetsinge
Wetzens
Weurt
Weustenrade
Wevershoek
Wezep
Wezepsche Heide
Wezup
Wezuperbrug
Wichmond
Wieken
Wieksloot
Wiel
Wielder
Wieldrecht
Wieler
Wier
Wierden
Wieren
Wierhuizen
Wieringen
Wieringermeer
Wieringerwaard
Wieringerwerf
Wierum
Wiesel
Wieuwens
Wieuwerd
Wijbosch
Wijchen
Wijckel
Wijdemeren
Wijdenes
Wijdewormer
Wijhe
Wijk
Wijk aan Zee
Wijk bij Duurstede
Wijk en Aalburg
Wijkertoren
Wijler
Wijlre
Wijnaldum
Wijnandsrade
Wijnbergen
Wijngaarden
Wijnjeterp
Wijnjeterpverlaat
Wijnjewoude
Wijst
Wijster
Wijtgaard
Wijthmen
Wijzend
Wilaard
Wilbertoord
Wilde Plaats
Wildenborch
Wilderhof
Wilderinkshoek
Wildert
Wildervank
Wildervanksterdallen
Wildlust
Wilhelminadorp
Wilhelminaoord
Wilhelmsoord
Willemsdorp
Willemsoord
Willemstad
Willens
Willeskop
Willige Langerak
Wilnis
Wilp
Wilp-Achterhoek
Wilsum
Wilsveen
Wimmenhove
Wimmenum
Winde
Windesheim
Winkel
Winkelshoek
Winneweer
Winschoten
Winschoterhoogebrug
Winssen
Winsum
Wintelre
Winterswijk
Winthagen
Wintraak
Wippolder
Wipstrik
Wirdum
Wirdumerdraai
Wisch
Wissel
Wissenkerke
Witdonk
Witharen
Withuis
Witmarsum
Witrijt
Witte Bergen
Wittelte
Wittem
Witten
Wittepaarden
Witteveen
Wittevrouweveld
Wittewierum
Witveen
Wjelsryp
Woensdrecht
Woensel
Woerd
Woerden
Woerdense Verlaat
Woezik
Wogmeer
Wognum
Wolden De
Woldendorp
Wolder
Wolfhaag
Wolfhagen
Wolfheze
Wolfsbarge
Wolfsbosch
Wolfshoek
Wolfshuis
Wolfskuil
Wolfswinkel
Wollingboermarke
Wollinghuizen
Wolphaartsdijk
Wolsum
Wolsumerketting
Wolterholten
Woltersum
Wolvega
Wommels
Wonneburen
Wons
Woold
Woolde
Woolde Achterhoek
Wooldrikshoek
Woord
Wordragen
Workum
Wormen
Wormenschematen
Wormer
Wormerland
Wormerveer
Worp
Worsum
Woubrugge
Woud
Woudbloem
Woudenberg
Woudrichem
Woudsend
Wouterswoude
Wouw
Wouwse Plantage
Wullenhoven
Wunseradiel
Wymbritseradiel
Wyns
Wytgaard
Wânswert
Wûnseradiel
Yde
Yerseke
Ypenburg
Ysselsteyn
Zaalheuvel
Zaamslag
Zaamslagveer
Zaandam
Zaandijk
Zaanstad
Zalk
Zalmplaat
Zalne
Zalné
Zaltbommel
Zand
Zandberg
Zandbulten
Zanddijk
Zanddonk
Zandeind
Zanden
Zandeweer
Zandfort
Zandhoek
Zandhuizen
Zandkamp
Zandkant
Zandoerle
Zandpol
Zandschel
Zandstraat
Zandvoort
Zandwerven
Zanegeest
Zeddam
Zedde
Zederik
Zeedorp
Zeegse
Zeeland
Zeelberg
Zeelst
Zeerijp
Zeevang
Zeewolde
Zegenwerp
Zegge
Zeggelt
Zegveld
Zeijen
Zeilberg
Zeist
Zeldam
Zelder
Zeldert
Zelen-Hub
Zelhem
Zenderen
Zennewijnen
Zestienhoven
Zetten
Zevenaar
Zevenbergen
Zevenbergschen Hoek
Zevender
Zevenhoven
Zevenhuis
Zevenhuisterweg
Zevenhuizen
Zevenhuizen-Moerkapelle
Zeyerveen
Zeyerveld
Ziek
Zierikzee
Zieuwent
Zijderveld
Zijdewind
Zijldijk
Zijlkwartier
Zijp
Zijpe
Zijpendaal
Zijtaart
Zilven
Zilverkamp
Zinkweg
Zittard
Zoelen
Zoelmond
Zoetermeer
Zoeterwoude
Zoggel
Zomerdijk
Zonderwijk
Zondveld
Zonnemaire
Zonzeelsche Polder
Zoom
Zoomvliet
Zorgvlied
Zoutelande
Zouteveen
Zoutkamp
Zuid-Beijerland
Zuid-Berghuizen
Zuid-Carolina
Zuid-Loo
Zuid-Scharwoude
Zuidbarge
Zuidbroek
Zuidbuurt
Zuiddijk
Zuiddorpe
Zuideinde
Zuidend
Zuiderkolonie
Zuidermeer
Zuideropgaande
Zuiderpolder
Zuiderrot
Zuiderveen
Zuiderwaard
Zuiderwoude
Zuiderzeeland
Zuidgeest
Zuidhoek
Zuidhorn
Zuidkant
Zuidlaarderveen
Zuidland
Zuidlaren
Zuidoostbeemster
Zuidplas
Zuidplaspolder
Zuidpolder
Zuidschermer
Zuidveen
Zuidveld
Zuidvelde
Zuidwending
Zuidwolde
Zuidzande
Zuidzijde
Zuilen
Zuilichem
Zuilichem Polder
Zultherveld
Zuna
Zunderdorp
Zundert
Zurich
Zutphen
Zuuk
Zuurdijk
Zuwe
Zwaag
Zwaagdijk
Zwaagwesteinde
Zwaanenheike
Zwaanshoek
Zwagerbosch
Zwagerveen
Zwammerdam
Zwanegat
Zwanenburg
Zwarte Haan
Zwarte Kat
Zwarte Ruiter
Zwarte Veen
Zwartebroek
Zwartemeer
Zwartendijk
Zwartepaard
Zwartewaal
Zwartewaterland
Zwartewatersklooster
Zwartsluis
Zwartsluisje
Zweekhorst
Zweeloo
Zweins
Zwiep
Zwiggelte
Zwijndrecht
Zwijnsbergen
Zwinderen
Zwingelspaan
Zwolle
Zwollerkerspel
d' Ekker
het Bildt