Aankondiger
Acceptant
Accountant
Accountmanager
Acrobaat
Acrobate
Acteur
Actrice
Activiteitenbegeleider
Actuaris
Acupuncturist
Adjudant
Administrateur
Administratieconsulent
Administratieconsulente
Advertentiezetter
Adviseur
Adviseuse
Advocaat
Advocate
Afzakker
Agent
Agente
Agoog
Agoge
Agrariër
Akoepedist
Akoesticus
Alchemist
Altist
Amanuensis
Ambtenaar
Ambulancebegeleider
Ambulancechauffeur
Ambulanceverpleegkundige
Analist
Anatoom
Andragoog
Androloog
Anesthesist
Animeermeisje
Antiquaar
Antiquair
Apotheker
Apothekersassistent
Applicatieontwikkelaar
Arbeidsanalist
Arbeidsbemiddelaar
Arbeidsdeskundige
Arbeidsfysioloog
Arbeidsgeneesheer
Arbeidshygiënist
Archeoloog
Architect
Archivaris
Archivist
Arrangeur
Artdirector
Artiest
Arts
Assuradeur
Astrofysicus
Astroloog
Astronaut
Astronoom
Audioloog
Audiometrist
Audiotherapeut
Auditor
Autohandelaar
Automonteur
Autoplaatwerker
Autospuiter
Bacterioloog
Baggermachinist
Baggermolenarbeider
Baker
Bakker
Baliemedewerker
Balletdanser
Ballroomdanser
Bandagist
Bandenmonteur
Bankbediende
Bankdirecteur
Banketbakker
Bankmakelaar
Bankwerker
Barbediende
Barhouder
Barman
Basketballer
Bassist
Beademingsassistent
Bedienaar
Bediener
Bedrijfsbrandweer
Bedrijfseconoom
Bedrijfshoofd
Bedrijfsjurist
Bedrijfskassier
Bedrijfskundige
Bedrijfsleermeester
Bedrijfsleider
Bedrijfsorganisatiedeskundige
Bedrijfspolitieagent
Bedrijfsrecherche
Bedrijfsverpleegkundige
Beeldapparatuurbediener
Beeldhouwer
Begeleider
Begrafenispersoneel
Begrotingscalculator
Behanger
Beheerder
Beiaardier
Bejaardenverzorgende
Belastingambtenaar
Belastingconsulent
Beleidsambtenaar
Beleidsmedewerker
Belichter
Belspelpresentatrice
Berekenaar
Bergingsduiker
Beroepsactivist
Beroepskeuzeadviseur
Beroepsmilitair
Beroepssporter
Bestekschrijver
Besteksorteerder
Bestekzoeker
Bestuurder
Bestuurskundige
Betonmolenbaas
Betontimmerman
Betonstaalvlechter
Betonwerker
Beul
Beveiligingsapparatuur
Beveiligingsbeambte
Bewaarder
Bewaker
Bewegingstherapeut
Bezorger
Bibliothecaris
Bibliotheekassistent
Bierbrouwer
Bijenkorfvlechter
Bijenkweker
Bijkantoorhouder
Binderijpersoneel
Binnenhuisarchitect
Biochemicus
Biograaf
Bioloog
Bioscoopoperateur
Bitumineerder
Bloemist
Bloemkweker
Bloemschikker
Bloemsierkunstenaar
Bode
Boekbinder
Boekhouder
Boekillustrator
Boer
Bontkleermaker
Bontsnijder
Bookmaker
Boomchirurg
Boomkweker
Boomverzorger
Boordwerktuigkundige
Boormachinist
Boorpersoneel
Bootsman
Bosbaas
Bosbouwkundige
Boswachter
Botenbouwer
Bouwcalculator
Bouwhistoricus
Bouwkundig tekenaar
Bouwliftbediener
Bouwpromotor
Bouwopzichter
Bouwvakker
Bouwvakarbeider
Bouwvaktimmerman
Brander
Brandmeester
Brandveiligheidsdeskundige
Brandwacht
Brandweerman
Brandweervrouw
Brandweercommandant
Brandweeronderofficier
Breimachinesteller
Bromfietshersteller
Bronboorder
Buffetbediende
Buikspreker
Buitenbandenvulkaniseur
Buitendienstmedewerker
Burgemeester
Burgersmid
Buschauffeur
Budgetcoach
Butler
Cabaretier
Caféhouder
Cafetariamedewerker
Caissière
Calculator
Callgirl
Cameraman
Cameravrouw
Cardioloog
Cargadoor
Carrosseriebouwer
Cartograaf
Cellist
Chauffeur
Chef
Chemicus
Chiropodist
Chirurg
Chocolademaker
Chocolatier
Choreograaf
Cilindermaker
Cineast
Cipier
Circusartiest
Circusdirecteur
Civiel ingenieur
Classicus
Clown
Coach
Codeur
Collationist
Colporteur
Columnist
Combinatiefunctionaris
Commentator
Commissaris
Commissionair
Completeerder
Componist
Computeroperator
Computerprogrammeur
Conciërge
Conducteur
Conservator
Constructeur
Constructiebankwerker
Constructiesamenbouwer
Constructieschilder
Consulent
Contactlensspecialist
Controleur
Controller
Coördinator
Copywriter
Counselor
Corrector
Correpetitor
Correspondent
Creatief therapeut
Crècheleidster
Criminoloog
Criticus
Croupeur
Croupier
Cultuurtechnicus
Curator
Cursuscoördinator
Cursusleider
Dakdekker
Dakpannenvormer
Danser
Dansleraar
Database Administrator
Debitant
Decaan
Declarant
Decoratieschilder
Decorschilder
Degelpersdrukker
Dekkledenmaker
Dekpersoneel
Delfstoffenbewerker
Demonstrateur
Dermatoloog
Deskundige
Detailhandelaar
Detective
Deurenzetter
Deurwaarder
Dichter
Dieetkok
Dienstbode
Dienstleider
Diepdrukgraveur
Dierenarts
Dierenartsassistent
Dierenasielhouder
Dierentrainer
Dierenverzorger
Diëtist
Diplomaat
Directeur
Directieassistent
Directiesecretaresse
Dirigent
Diskjockey
Districtschef
Districtsverpleegkundige
Docent
Documentalist
Documentencontroleur
Dokmeester
Doktersassistent
Dominee
Doodgraver
Douaneambtenaar
Dozenmaker
Draaier
Dramadocent
Dramatherapeut
Drogist
Drukker
Drukkerijbinder
Drukwerkvoorbereiders
Drummer
Duiker
Econoom
Ecotechnisch manager
Edelmetaalbewerker
Edelsmid
Editor
EDP-auditor
Egyptoloog
Eindredacteur
Elektricien
Elektromonteur
Elektronicamonteur
Elektronicus
Elektrotechnicus
Encyclopedist
Enquêteur
Ergonoom
Ergotherapeut
Ertskundige
Essayeur
Essayist
Etaleur
Etnograaf
Etnoloog
Etymoloog
Evangelist
Examinator
Expediteur
Explantatiemedewerker
Fabrikant
Facilitair Manager
Facturist
Farmacoloog
Fietsenmaker
Fijnbankwerker
Filiaalhouder
Filmer
Filmregisseur
Filosoof
Filterreiniger
Financieel analist
Fluitenbouwer
Fotograaf
Fotograveur
Fotolaborant
Fotolaboratoriumbediende
Fotolithograaf
Fotoredacteur
Framebouwer
Frezer
Fruitteler
Fysicus
Fysioloog
Fysiotherapeut
Galvaniseur
Game Designer
Garagehouder
Garderobejuffrouw
Garnalenpeller
Gasleidinglegger
Gecommitteerde
Gedeputeerde
Gemeentesecretaris
Geneeskundige
Generaal
Geodeet
Geograaf
Geoloog
Gerant
Gerechtsdeurwaarder
Gereedschapsmaker
Gereedschapssmid
Geschiedkundige
Gevangenbewaarder
Gezaghebber
Gezagvoerder
Gezondheidsbegeleider
Gezondheidsfysicus
Gezondheidstechnicus
Gidsenschrijver
Gieterijtechnicus
Gietmachinebediener
Gigolo
Gipsverbandmeester
Gitarist
Glasblazer
Glasgraveur
Glasslijper
Glaszetter
Glazenhaler
Glazenmaker
Glazenwasser
Goochelaar
Goudsmid
Goudzoeker
Grafdelver
Graficus
Grafisch ontwerper
Grafoloog
Graveur
Griendwerker
Griffier
Grimeur
Groenteteler
Groepsleider
Groepsvervoer
Grondsteward
Grondstewardess
Grondwerker
Groothandelaar
Gymleraar
Gynaecoloog
Handelaar
Handelscorrespondent
Handwever
Havenarbeider
Havenmeester
Heemraad
Heftruckchauffeur
Heibaas
Heier
Heilpedagoog
Heilsoldaat
Helpdeskmedewerker
Herbergier
Hijsmachinist
Historicus
Hoefsmid
Hoekman
Hofmeester
Homeopaat
Hondenfokker
Hondentrimmer
Horlogemaker
Hoofd
Hondentoiletteerder
Hoofdambtenaar
Hoofdcontroleur
Hoofdredacteur
Hoofduitvoerder
Hoofdverpleegkundige
Hoofdwerktuigkundige
Hoogleraar
Hoorspelregisseur
Hostess
Hotellier
Hotelmanager
Hotelportier
Houtbewerker
Houtmodelmaker
Houtsnijder
Houtvester
Houtwarensamensteller
Hovenier
Huidtherapeut
Huisarts
Huisbaas
Huisbewaarder
Huishoudhulp
Huishoudster
Huisschilder
Hulparbeider
Hulpautomonteur
Hulpkok
Hulpverkoper
Huurmoordenaar
Hydroloog
Illusionist
Illustrator
Imam
Imker
Importeur
Impresario
Incasseerder
Industrieel ontwerper
Ingenieur
Inkoper
Inner
Inpakker
Inrichtingsassistente
Inrichtingswerker
Inrijger
Inseminator
Inspecteur
Installateur
Insteller
Instructeur
Instrumentalist
Instrumentmaker
Interieurarchitect
Interieurverzorger
Internal auditor
Interne accountant
Interne auditor
Internist
Isolatiewerker
Isoleerder
Jachtopzichter
Jager
Jongleur
Journalist
Justitieel Aanklager
Juwelier
Kaartenzetter
Kaasmaker
Kabelsplitser
Kabelwerker
Kanaalmeester
Kantonnier
Kantoorhulp
Kapitein
Kapper
Kappershulp
Kardinaal
Karteerder
Kartonnagewerker
Kassamedewerker
Kassier
Kelner
Keizer
Keramist
Kermisexploitant
Kernmaker
Kerstman
Ketelmetselaar
Keukenassistent
Keukenknecht
Keurder
Keuringsambtenaar
Keurmeester
Kinderverzorgende
Kleermaker
Kleidelver
Kleinhandelaar
Klerk
Kleuterleidster
Klokkenmaker
Klompenmaker
Kloosterling
Kno-arts
Koerier
Kok
Komiek
Kompel
Koordirigent
Koperslager
Kostendeskundige
Koster
Kostprijscalculator
Kozijnenmaker
Kraamverzorgende
Kraamhulp
Kraanmachinist
Kredietanalist
Kredietbeoordelaar
Kruidendokter
Kruier
Kuiper
Kunstcriticus
Kunstenaar
Kunstschilder
Kustlichtwachter
Kwitantieloper
Laadschopbestuurder
Laborant
Laboratoriumbediende
Lader
Ladingmeester
Lakei
Landarbeider
Landbouwer
Landbouwkundige
Landbouwmachinebestuurder
Landbouwmilieubeheer
Landbouwwerktuigenhersteller
Landmeetkundige
Landmeettechnicus
Landmeter
Landschapsarchitect
Landschapsbeheer
Lasinspecteur
Lasser
Lastechnicus
Lector
Ledertechnoloog
Lederwarenmaker
Leerbewerker
Leerkracht
Leeuwentemmer
Legionair
Leidekker
Leidinggevende
Leraar
Letterkundige
Leurder
Lichtdrukker
Lichtmatroos
Lijstenmaker
Linktrainer
Literator
Literatuurcriticus
Literatuuronderzoeker
Logopedist
Logotherapeut
Lokettist
Longfunctieassistent
Loodgieter
Loods
Loodschef
Loonadministrateur
Loopbaancoach
Losser
Luchtverkeersleider
Maatnemer
Maatschappelijk medewerker
Maatschappelijk werker
Maatschoenmaker
Machine vouwer
Machinebankwerker
Machinebediende
Machinesteller
Manegehouder
Machinist
Magazijnbediende
Magazijnbeheerder
Magazijnknecht
Magnetiseur
Makelaar
Managementassistent
Manager
Mandenmaker
Mannequin
Manueel therapeut
Marconist
Marinier
Maritiem Officier
Marechaussee
Marketingadviseur
Marketingassistent
Marktkoopman
Masseur
Mathematicus
Matroos
Mattenmaker
Medewerker
Mediatrainer
Meester restauratiestukadoor
Meettechnicus
Melkboer
Metaalbewerker
Metaalbrander
Metaalbuiger
Metaalfrezer
Metaalgieter
Metaalkundige
Meteoroloog
Meteropnemer
Metselaar
Meubelbeeldhouwer
Meubelmaker
Meubelstoffeerder
Meubelstoffennaaister
Meubeltekenaar
Mijnbouwkundige
Middenstander
Mijnwerker
Milieudeskundige
Milieuhygiënist
Militair
Mimespeler
Min
Mineralenbewerker
Minister
Minister-president
Model
Modelmaker
Modelnaaister
Molenaar
Modeontwerper
Mondhygiënist
Monnik
Monteur
Mosselman
Motordemonteur
Motordrijver
Motormonteur
Mouldroomtechnicus
Munter
Muntmeester
Museumconservator
Museumgids
Museumhouder
Museummedewerker
Musicus
Muziekinstrumentenmaker
Muziekprogrammeur
Naaister
Nachtwaker
Nagelstyliste
Nasynchronisatie-regisseur
Natuurkundige
Natuurwetenschapper
Natuurkundeleraar
Navigator
Neonatoloog
Nettenboeter
Netwerkbeheerder
Neuroloog
Nieuwslezer
Nijverheidsconsulent
Nko-arts
Nucleair geneeskundige
Nopster
Notaris
Ober
Oberkelner
Objectleider
Oceanoloog
Octrooigemachtigde
Oevreuse
Officier van Justitie
Officier
Olieslager
Omroeper
Omsteller
Oncoloog
Onderhoudsloodgieter
Onderhoudsman
Onderhoudsmedewerker
Onderhoudsmonteur
Ondernemer
Onderofficier
Ondersteunende
Onderwaterwerker
Onderwijsassistent
Onderwijstechnicus
Onderwijzer
Onderzoeker in opleiding
Onderzoeker
Ontdekkingsreiziger
Ontvlekker
Ontwerper
Oogarts
Operateur
Operational auditor
Operator
Opkoper
Opperman
Opsporingsambtenaar
Opsporingsingenieur
Opticien
Optometrist
Opvoedingsconsulent
Opvoedingsvoorlichter
Opzichter
Organist
Ornitoloog
Orthodontist
Orthopedagoog
Orthopeed
Orthoptist
ORL-arts
Osteopaat
Ovenman
Paardenfokker
Pakhuischef
Paleontoloog
Palfrenier
Pandjesbaas
Papierschepper
Papiervernisser
Parkeerwachter
Parketvloerenlegger
Parketwacht
Paswerker
Pastoor
Patholoog-anatoom
Patholoog
Patisseur
Patroonmaker
Patroontekenaar
Pedagoog
Pedicure
Penitentiair inrichtingswerker
Perronopzichter
Perser
Personeelsfunctionaris
Peuterwerker
Pianist
Pianostemmer
Piccolo
Pijpfitter
Pikeur
Piloot
Plaatwerker
Planner
Plantenteeltdeskundige
Plantsoenmedewerker
Plasticvormer
Poelier
Poepruimer of poepboer
Poetser
Podiatrist
Podoloog
Poffertjesbakker
Polisopmaker
Politicus
Politieagent
Politiecommissaris
Politie-inspecteur
Politiek analist
Pontschipper
Pooier
Porder
Portier
Portretfotograaf
Postbediende
Postbesteller
Postbode
Postcommandant
Postexpediteur
Postsorteerder
Pottenbakker
Predikant
Premier
Presentator
President
Priester
Probleemanalist
Procesmanager
Procesoperator
Procureur
Procureur des Konings
Producer
Productenmaker
Productensorteerder
Productiebegeleider
Productieleider
Productiemedewerker
Productieplanner
Professor
Professioneel worstelaar
Programmamaker
Programmeur
Projectadviseur
Projectleider
Projectmanager
Promovendus
Prostitué
Prostituee
Pruikenmaker
Psychiater
Psychologisch assistent
Psycholoog
Psychotherapeut
Psychomotorisch kindertherapeut
Purser
Putjesschepper
Quarantaine-beambte
Quizmaster
Quantity surveyor
Raadsman
Radarwaarnemer
Radiograaf
Radiolaborant
Radiotechnicus
Radiotelegrafist
Rangeerder
Recensent
Receptionist
Receptioniste
Recherchekundige
Rechercheur
Rechtbanktekenaar
Rechter
Reclame-ontwerper
Reclameacquisiteur
Reclamedeskundige
Reclametekenaar
Redacteur
Redactiechef
Regisseur
Registeraccountant
Reiniger
Reinigingsdienstarbeider
Reisleider
Reisprogrammeur
Reisverkoper
Rekenaar
Rekwisietenmaker
Rentmeester
Reparateur
Ridder
Repetitor
Reproductietekenaar
Restauranthouder
Rietmeubelmaker
Rietwerker
Rijtuigspuiter
Rijwielhersteller
Rolluikentimmerman
Rondvaartgids
Röntgenoloog
Ruimtevaarder
Samensteller
Saunahouder
Scenarioschrijver
Schaaldierenkweker
Schaaldierenpeller
Schaapherder
Schapenscheerder
Schadecorrespondent
Schadetaxateur
Scharensliep
Schakelbordwachter
Schaker
Scheepsbeschieter
Scheepskapitein
Scheepskok
Scheepspurser
Scheepsschilder
Scheepstimmerman
Scheidsrechter
Scheikundige
Schillenboer
Schipper
Schoenfabrieksarbeider
Schoenhersteller
Schoenmaker
Schoolbegeleider
Schooldecaan
Schooldirecteur
Schoolinspecteur
Schoonheidsmasseur
Schoonheidsspecialiste
Schoonmaker
Schoorsteenveger
Schotter
Schrijftolk
Schrijver
Schuurder
Secretaresse
Secretariaatsmedewerker
Secretaris
Seismoloog
Seizoenarbeider
Selecteur
Sergeant
Seroloog
Serveerster
Setdresser
Sexuoloog
Sigarenmaker
Sinoloog
Sjorder
Sjouwer
Slachter
Slager
Slagwerker
Slijter
Sloper
Sluiswachter
Smeerder
Smelter
Smid
Snackbarbediende
Snackbarhouder
Sneltekenaar
Snijder
Sociotherapeut
Softwareontwikkelaar
Soldaat
Soldeerder
Sommelier
Sondeerder
Songwriter
Souschef
Spoeler
Souffleur
Specialist
Spelersmakelaar
Speltherapeut
Spindoppenmonteur
Spion
Spoelingscontroleur
Sportinstructeur
Sportman
Sportvrouw
Sportofficial
Staatsraad
Stadsomroeper
Stadstimmerman
Stakingsleider
Staladviseur
Stanser
Stationschef
Statisticus
Stedenbouwkundige
Steenbewerker
Steenfabrikant
Steenhouwer
Steenzetter
Steigerbouwer
Steigermaker
Stenotypist
Stereotypeur
Sterilisatieassistent
Stewardess
Steward
Stoelenmatter
Stoffeerder
Stopster
Storingsmonteur
Straatverkoper
Strandjutter
Strandwacht
Stratenmaker
Stripper
Stucwerker
Studentendecaan
Stukadoor
Stuurman
Stuwadoor
Stypengalvaniseur
Stylist
Surinamist
Systeemanalist
Systeembeheerder
Systeemontwerper
Systeemprogrammeur
Takelaar
Tandartsassistente
Tandarts
Tandtechnicus
Tapper
Taxichauffeur
Taxidermist
Technicus
Technisch Oogheelkundig Assistent
Technisch tekenaar
Tegelzetter
Tekenaar
Tekstschrijver
Telecommunicatiemonteur
Telefoniste
Telegrafist
Televisieregisseur
Telexist
Tennisser
Terrazzovloerenlegger
Terreinchef
Tester
Textieldrukker
Textiellaborant
Textielopmaker
Textielproductenmaker
Theatertechnicus
Theateragent
Therapeut
Timmerman
Tingieter
Toetsenist
Tolk
Toneelfigurant
Toneelmeester
Toneelregisseur
Toneelschrijver
Toneelspeler
Torenkraanmonteur
Totalisatormedewerker
Touringcarchauffeur
Touwslager
Traceur
Trainer
Trainingsacteur
Traiteur
Trambestuurder
Transportplanner
Treinbestuurder
Treinconducteur
Treindienstleider
Treinmachinist
Trekkerchauffeur
Tuiger
Tuinarchitect
Tuinder
Tuinman
Televisietechnicus
Typiste
Uitgever
Uitvaartbegeleider
Uitvinder
Uitvoerder
Uroloog
Uurwerkmaker
Vakkenvuller
Valet
Veearts
Veehouder
Veenarbeider
Veeverloskundige
Veiligheidsbeambte
Veilinghouder
Verbandmeester
Verfspuiter
Vergaderstenograaf
Verhuizer
Verhuurder
Verkeersdienstsimulator
Verkeersinspecteur
Verkeerskundige
Verkeersleider
Verkeersonderzoeker
Verkeersplanoloog
Verkeersteller
Verkoopchef
Verkoopstyliste
Verkoper
Verloskundige
Verpleeghulp
Verpleegkundige
Verslaggever
Verspaner
Vertaler
Vertegenwoordiger
Vervoer
Vervoersinspecteur
Verwarmingsinstallateur
Verwarmingsmonteur
Verwarmingsonderhoudsmonteur
Verwelkomer
Verzekeringsagent
Verzekeringsarts
Verzekeringsdeskundige
Verzekeringsemployé
Verzekeringsinspecteur
Verzorgende
Vicaris
Videoclipregisseur
Videojockey
Vioolbouwer
Violist
Vinoloog
Viroloog
Visagiste
Visfileerder
Visser
Vleeswarenmaker
Vlieger
Vliegtuigplaatwerker
Vliegtuigrompensamenbouwer
Vliegtuigtimmerman
Vloerenlegger
Vloerlegger
Voedingsmiddelentechnoloog
Voedingsvoorlichter
Voeger
Voertuigbekleder
Voetballer
Volder of Voller
Voorganger
Voorlichter
Voorlichtingsfunctionaris
Voorraadadministrateur
Voorzitter
Vormende
Vormenmaker
Vormer
Vormgever
Vrachtwagenchauffeur
Vuilnisman
Vulkanoloog
Vuurspuwer
Vuurtorenwachter
Vroedmeester
Vroedvrouw
Waard
Waardijn
Waarzegger
Wachtcommandant
Wachter
Wachtmeester
Wagenmaker
Walschipper
Walsinsteller
Wasser
Wasserettehouder
Waterbouwkundige
Waterklerk
Webdesigner
Weefmachinesteller
Weefselhersteller
Weerkundige
Weerpresentator
Wegenbouwarbeider
Wegenbouwmachinist
Weger
Wegmarkeerder
Werker
Werkleider-dokmeester
Werkmeester
Werktekenaar
Werktuigbouwkundige
Werktuigkundige
Werkvoorbereider
Wethouder
Wettelijkeaansprakelijkheidsverzekeringcoördinator
Wijkmeester
Wijnboer
Wikkelaar
Winchdrijver
Winkelbediende
Winkelier
Wiskundige
Wisselkassier
Wisselmaker
Woningstoffeerder
Woonbegeleider
Xenoloog
Xylofonist
IJscoman
IJzervlechter
Ytiger
Yogaleraar
Zaakwaarnemer
Zakenman
Zanger
Zangeres
Zeefdrukker
Zeeman
Zeepzieder
Zeilmaker
Zelfstandig ondernemer
Zetter
Ziekenhuisapotheker
Ziekenhuishygiënist
Ziekenverzorgende
Zilversmid
Zweminstructeur
Zoöloog
